Archive member included because of file (symbol)

c:/program files/atmel/atmel toolchain/avr8 gcc/native/3.4.1061/avr8-gnu-toolchain/bin/../lib/gcc/avr/4.8.1/../../../../avr/lib/avr5\libm.a(acos.o)
                              urs_projekt.o (acos)
c:/program files/atmel/atmel toolchain/avr8 gcc/native/3.4.1061/avr8-gnu-toolchain/bin/../lib/gcc/avr/4.8.1/../../../../avr/lib/avr5\libm.a(addsf3.o)
                              urs_projekt.o (__subsf3)
c:/program files/atmel/atmel toolchain/avr8 gcc/native/3.4.1061/avr8-gnu-toolchain/bin/../lib/gcc/avr/4.8.1/../../../../avr/lib/avr5\libm.a(addsf3x.o)
                              c:/program files/atmel/atmel toolchain/avr8 gcc/native/3.4.1061/avr8-gnu-toolchain/bin/../lib/gcc/avr/4.8.1/../../../../avr/lib/avr5\libm.a(acos.o) (__addsf3x)
c:/program files/atmel/atmel toolchain/avr8 gcc/native/3.4.1061/avr8-gnu-toolchain/bin/../lib/gcc/avr/4.8.1/../../../../avr/lib/avr5\libm.a(cmpsf2.o)
                              urs_projekt.o (__ltsf2)
c:/program files/atmel/atmel toolchain/avr8 gcc/native/3.4.1061/avr8-gnu-toolchain/bin/../lib/gcc/avr/4.8.1/../../../../avr/lib/avr5\libm.a(cos.o)
                              urs_projekt.o (cos)
c:/program files/atmel/atmel toolchain/avr8 gcc/native/3.4.1061/avr8-gnu-toolchain/bin/../lib/gcc/avr/4.8.1/../../../../avr/lib/avr5\libm.a(divsf3.o)
                              urs_projekt.o (__divsf3)
c:/program files/atmel/atmel toolchain/avr8 gcc/native/3.4.1061/avr8-gnu-toolchain/bin/../lib/gcc/avr/4.8.1/../../../../avr/lib/avr5\libm.a(divsf3x.o)
                              c:/program files/atmel/atmel toolchain/avr8 gcc/native/3.4.1061/avr8-gnu-toolchain/bin/../lib/gcc/avr/4.8.1/../../../../avr/lib/avr5\libm.a(divsf3.o) (__divsf3x)
c:/program files/atmel/atmel toolchain/avr8 gcc/native/3.4.1061/avr8-gnu-toolchain/bin/../lib/gcc/avr/4.8.1/../../../../avr/lib/avr5\libm.a(fixsfsi.o)
                              urs_projekt.o (__fixsfsi)
c:/program files/atmel/atmel toolchain/avr8 gcc/native/3.4.1061/avr8-gnu-toolchain/bin/../lib/gcc/avr/4.8.1/../../../../avr/lib/avr5\libm.a(fixunssfsi.o)
                              urs_projekt.o (__fixunssfsi)
c:/program files/atmel/atmel toolchain/avr8 gcc/native/3.4.1061/avr8-gnu-toolchain/bin/../lib/gcc/avr/4.8.1/../../../../avr/lib/avr5\libm.a(floatsisf.o)
                              urs_projekt.o (__floatsisf)
c:/program files/atmel/atmel toolchain/avr8 gcc/native/3.4.1061/avr8-gnu-toolchain/bin/../lib/gcc/avr/4.8.1/../../../../avr/lib/avr5\libm.a(fp_arccos.o)
                              c:/program files/atmel/atmel toolchain/avr8 gcc/native/3.4.1061/avr8-gnu-toolchain/bin/../lib/gcc/avr/4.8.1/../../../../avr/lib/avr5\libm.a(acos.o) (__fp_arccos)
c:/program files/atmel/atmel toolchain/avr8 gcc/native/3.4.1061/avr8-gnu-toolchain/bin/../lib/gcc/avr/4.8.1/../../../../avr/lib/avr5\libm.a(fp_cmp.o)
                              c:/program files/atmel/atmel toolchain/avr8 gcc/native/3.4.1061/avr8-gnu-toolchain/bin/../lib/gcc/avr/4.8.1/../../../../avr/lib/avr5\libm.a(cmpsf2.o) (__fp_cmp)
c:/program files/atmel/atmel toolchain/avr8 gcc/native/3.4.1061/avr8-gnu-toolchain/bin/../lib/gcc/avr/4.8.1/../../../../avr/lib/avr5\libm.a(fp_inf.o)
                              c:/program files/atmel/atmel toolchain/avr8 gcc/native/3.4.1061/avr8-gnu-toolchain/bin/../lib/gcc/avr/4.8.1/../../../../avr/lib/avr5\libm.a(addsf3x.o) (__fp_inf)
c:/program files/atmel/atmel toolchain/avr8 gcc/native/3.4.1061/avr8-gnu-toolchain/bin/../lib/gcc/avr/4.8.1/../../../../avr/lib/avr5\libm.a(fp_nan.o)
                              c:/program files/atmel/atmel toolchain/avr8 gcc/native/3.4.1061/avr8-gnu-toolchain/bin/../lib/gcc/avr/4.8.1/../../../../avr/lib/avr5\libm.a(addsf3x.o) (__fp_nan)
c:/program files/atmel/atmel toolchain/avr8 gcc/native/3.4.1061/avr8-gnu-toolchain/bin/../lib/gcc/avr/4.8.1/../../../../avr/lib/avr5\libm.a(fp_powser.o)
                              c:/program files/atmel/atmel toolchain/avr8 gcc/native/3.4.1061/avr8-gnu-toolchain/bin/../lib/gcc/avr/4.8.1/../../../../avr/lib/avr5\libm.a(fp_arccos.o) (__fp_powser)
c:/program files/atmel/atmel toolchain/avr8 gcc/native/3.4.1061/avr8-gnu-toolchain/bin/../lib/gcc/avr/4.8.1/../../../../avr/lib/avr5\libm.a(fp_pscA.o)
                              c:/program files/atmel/atmel toolchain/avr8 gcc/native/3.4.1061/avr8-gnu-toolchain/bin/../lib/gcc/avr/4.8.1/../../../../avr/lib/avr5\libm.a(addsf3x.o) (__fp_pscA)
c:/program files/atmel/atmel toolchain/avr8 gcc/native/3.4.1061/avr8-gnu-toolchain/bin/../lib/gcc/avr/4.8.1/../../../../avr/lib/avr5\libm.a(fp_pscB.o)
                              c:/program files/atmel/atmel toolchain/avr8 gcc/native/3.4.1061/avr8-gnu-toolchain/bin/../lib/gcc/avr/4.8.1/../../../../avr/lib/avr5\libm.a(addsf3x.o) (__fp_pscB)
c:/program files/atmel/atmel toolchain/avr8 gcc/native/3.4.1061/avr8-gnu-toolchain/bin/../lib/gcc/avr/4.8.1/../../../../avr/lib/avr5\libm.a(fp_rempio2.o)
[...]
Memory Configuration

Name             Origin             Length             Attributes
text             0x00000000         0x00020000         xr
data             0x00800060         0x0000ffa0         rw !x
eeprom           0x00810000         0x00010000         rw !x
fuse             0x00820000         0x00000400         rw !x
lock             0x00830000         0x00000400         rw !x
signature        0x00840000         0x00000400         rw !x
user_signatures  0x00850000         0x00000400         rw !x
*default*        0x00000000         0xffffffff

Linker script and memory map

LOAD c:/program files/atmel/atmel toolchain/avr8 gcc/native/3.4.1061/avr8-gnu-toolchain/bin/../lib/gcc/avr/4.8.1/../../../../avr/lib/avr5/crtm32.o
LOAD font.o
LOAD Graphic.o
LOAD serial.o
LOAD spi.o
LOAD SSD1289x16.o
LOAD tc_ad7843_avr_v1_00.o
LOAD urs_projekt.o
START GROUP
LOAD c:/program files/atmel/atmel toolchain/avr8 gcc/native/3.4.1061/avr8-gnu-toolchain/bin/../lib/gcc/avr/4.8.1/../../../../avr/lib/avr5\libm.a
END GROUP
START GROUP
LOAD c:/program files/atmel/atmel toolchain/avr8 gcc/native/3.4.1061/avr8-gnu-toolchain/bin/../lib/gcc/avr/4.8.1/avr5\libgcc.a
LOAD c:/program files/atmel/atmel toolchain/avr8 gcc/native/3.4.1061/avr8-gnu-toolchain/bin/../lib/gcc/avr/4.8.1/../../../../avr/lib/avr5\libm.a
LOAD c:/program files/atmel/atmel toolchain/avr8 gcc/native/3.4.1061/avr8-gnu-toolchain/bin/../lib/gcc/avr/4.8.1/../../../../avr/lib/avr5\libc.a
END GROUP

.hash
 *(.hash)

.dynsym
 *(.dynsym)

.dynstr
 *(.dynstr)

.gnu.version
 *(.gnu.version)

.gnu.version_d
 *(.gnu.version_d)

.gnu.version_r
 *(.gnu.version_r)

.rel.init
 *(.rel.init)

.rela.init
 *(.rela.init)

.rel.text
 *(.rel.text)
 *(.rel.text.*)
 *(.rel.gnu.linkonce.t*)

.rela.text
 *(.rela.text)
 *(.rela.text.*)
 *(.rela.gnu.linkonce.t*)

.rel.fini
 *(.rel.fini)

.rela.fini
 *(.rela.fini)

.rel.rodata
 *(.rel.rodata)
 *(.rel.rodata.*)
 *(.rel.gnu.linkonce.r*)

.rela.rodata
 *(.rela.rodata)
 *(.rela.rodata.*)
 *(.rela.gnu.linkonce.r*)

.rel.data
 *(.rel.data)
 *(.rel.data.*)
 *(.rel.gnu.linkonce.d*)

.rela.data
 *(.rela.data)
 *(.rela.data.*)
 *(.rela.gnu.linkonce.d*)

.rel.ctors
 *(.rel.ctors)

.rela.ctors
 *(.rela.ctors)

.rel.dtors
 *(.rel.dtors)

.rela.dtors
 *(.rela.dtors)

.rel.got
 *(.rel.got)

.rela.got
 *(.rela.got)

.rel.bss
 *(.rel.bss)

.rela.bss
 *(.rela.bss)

.rel.plt
 *(.rel.plt)

.rela.plt
 *(.rela.plt)

.text           0x00000000     0x7e66
 *(.vectors)
 .vectors       0x00000000       0x54 c:/program files/atmel/atmel toolchain/avr8 gcc/native/3.4.1061/avr8-gnu-toolchain/bin/../lib/gcc/avr/4.8.1/../../../../avr/lib/avr5/crtm32.o
                0x00000000                __vector_default
                0x00000000                __vectors
 *(.vectors)
 *(.progmem.gcc*)
 .progmem.gcc_fplib
                0x00000054       0x28 c:/program files/atmel/atmel toolchain/avr8 gcc/native/3.4.1061/avr8-gnu-toolchain/bin/../lib/gcc/avr/4.8.1/../../../../avr/lib/avr5\libm.a(fp_arccos.o)
 .progmem.gcc_fplib
                0x0000007c       0x1e c:/program files/atmel/atmel toolchain/avr8 gcc/native/3.4.1061/avr8-gnu-toolchain/bin/../lib/gcc/avr/4.8.1/../../../../avr/lib/avr5\libm.a(fp_sinus.o)
                0x0000009a                . = ALIGN (0x2)
                0x0000009a                __trampolines_start = .
 *(.trampolines)
 .trampolines   0x0000009a        0x0 linker stubs
 *(.trampolines*)
                0x0000009a                __trampolines_end = .
 *(.progmem*)
 .progmem.data.ft18x34
                0x0000009a     0x1b08 urs_projekt.o
                0x0000009a                ft18x34
 .progmem.data  0x00001ba2       0x3b c:/program files/atmel/atmel toolchain/avr8 gcc/native/3.4.1061/avr8-gnu-toolchain/bin/../lib/gcc/avr/4.8.1/../../../../avr/lib/avr5\libc.a(strtod.o)
                0x00001bde                . = ALIGN (0x2)
 *fill*         0x00001bdd        0x1 
 *(.jumptables)
 *(.jumptables*)
 *(.lowtext)
 *(.lowtext*)
                0x00001bde                __ctors_start = .
 *(.ctors)
                0x00001bde                __ctors_end = .
                0x00001bde                __dtors_start = .
 *(.dtors)
                0x00001bde                __dtors_end = .
 SORT(*)(.ctors)
 SORT(*)(.dtors)
 *(.init0)
 .init0         0x00001bde        0x0 c:/program files/atmel/atmel toolchain/avr8 gcc/native/3.4.1061/avr8-gnu-toolchain/bin/../lib/gcc/avr/4.8.1/../../../../avr/lib/avr5/crtm32.o
                0x00001bde                __init
 *(.init0)
 *(.init1)
 *(.init1)
 *(.init2)
 .init2         0x00001bde        0xc c:/program files/atmel/atmel toolchain/avr8 gcc/native/3.4.1061/avr8-gnu-toolchain/bin/../lib/gcc/avr/4.8.1/../../../../avr/lib/avr5/crtm32.o
 *(.init2)
 *(.init3)
 *(.init3)
 *(.init4)
 .init4         0x00001bea       0x16 c:/program files/atmel/atmel toolchain/avr8 gcc/native/3.4.1061/avr8-gnu-toolchain/bin/../lib/gcc/avr/4.8.1/avr5\libgcc.a(_copy_data.o)
                0x00001bea                __do_copy_data
 .init4         0x00001c00       0x10 c:/program files/atmel/atmel toolchain/avr8 gcc/native/3.4.1061/avr8-gnu-toolchain/bin/../lib/gcc/avr/4.8.1/avr5\libgcc.a(_clear_bss.o)
                0x00001c00                __do_clear_bss
 *(.init4)
 *(.init5)
 *(.init5)
 *(.init6)
 *(.init6)
 *(.init7)
 *(.init7)
 *(.init8)
 *(.init8)
 *(.init9)
 .init9         0x00001c10        0x8 c:/program files/atmel/atmel toolchain/avr8 gcc/native/3.4.1061/avr8-gnu-toolchain/bin/../lib/gcc/avr/4.8.1/../../../../avr/lib/avr5/crtm32.o
 *(.init9)
 *(.text)
 .text          0x00001c18        0x4 c:/program files/atmel/atmel toolchain/avr8 gcc/native/3.4.1061/avr8-gnu-toolchain/bin/../lib/gcc/avr/4.8.1/../../../../avr/lib/avr5/crtm32.o
                0x00001c18                __vector_1
                0x00001c18                __vector_12
                0x00001c18                __bad_interrupt
                0x00001c18                __vector_6
                0x00001c18                __vector_3
                0x00001c18                __vector_11
                0x00001c18                __vector_17
                0x00001c18                __vector_19
                0x00001c18                __vector_7
                0x00001c18                __vector_5
                0x00001c18                __vector_4
                0x00001c18                __vector_9
                0x00001c18                __vector_2
                0x00001c18                __vector_15
                0x00001c18                __vector_8
                0x00001c18                __vector_10
                0x00001c18                __vector_16
                0x00001c18                __vector_18
                0x00001c18                __vector_20
                0x00001c1c                . = ALIGN (0x2)
 *(.text.*)
 .text.LcdFont  0x00001c1c       0x1e font.o
                0x00001c1c                LcdFont
 .text.DrawChar
                0x00001c3a      0x3ac font.o
                0x00001c3a                DrawChar
 .text.CalcTextWidth
                0x00001fe6       0xb2 font.o
                0x00001fe6                CalcTextWidth
 .text.DrawStr  0x00002098       0x3a font.o
                0x00002098                DrawStr
 .text.DrawText
                0x000020d2       0x92 font.o
                0x000020d2                DrawText
 .text.Line     0x00002164      0x276 Graphic.o
                0x00002164                Line
 .text.Rectangle
                0x000023da       0x7c Graphic.o
                0x000023da                Rectangle
 .text.Circle   0x00002456      0x1fa Graphic.o
                0x00002456                Circle
 .text.RoundRectangle
                0x00002650      0x386 Graphic.o
                0x00002650                RoundRectangle
 .text.serialAvailable
                0x000029d6        0x4 serial.o
                0x000029d6                serialAvailable
 .text.serialInit
                0x000029da       0xc2 serial.o
                0x000029da                serialInit
 .text.serialHasChar
                0x00002a9c       0x24 serial.o
                0x00002a9c                serialHasChar
 .text.serialGet
                0x00002ac0       0xe4 serial.o
                0x00002ac0                serialGet
 .text.serialReceiveInterrupt
                0x00002ba4      0x136 serial.o
                0x00002ba4                serialReceiveInterrupt
 .text.serialTransmitInterrupt
                0x00002cda      0x128 serial.o
                0x00002cda                serialTransmitInterrupt
 .text.__vector_13
                0x00002e02       0x4a serial.o
                0x00002e02                __vector_13
 .text.__vector_14
                0x00002e4c       0x4a serial.o
                0x00002e4c                __vector_14
 .text.SPIMasterEnable
                0x00002e96       0x18 spi.o
                0x00002e96                SPIMasterEnable
 .text.SPIMasterDisable
                0x00002eae        0x4 spi.o
                0x00002eae                SPIMasterDisable
 .text.SPIMasterTransfer
                0x00002eb2       0x80 spi.o
                0x00002eb2                SPIMasterTransfer
 .text.LCD_WaitMs
                0x00002f32       0x1e SSD1289x16.o
                0x00002f32                LCD_WaitMs
 .text.LCD_WrCmd
                0x00002f50       0x10 SSD1289x16.o
                0x00002f50                LCD_WrCmd
 .text.LCD_WrDat
                0x00002f60       0x10 SSD1289x16.o
                0x00002f60                LCD_WrDat
 .text.LCD_SetReg
                0x00002f70       0x16 SSD1289x16.o
                0x00002f70                LCD_SetReg
 .text.LCD_GetReg
                0x00002f86       0x2c SSD1289x16.o
                0x00002f86                LCD_GetReg
 .text.LCD_InitPort
                0x00002fb2       0x32 SSD1289x16.o
                0x00002fb2                LCD_InitPort
 .text.LCD_Reset
                0x00002fe4      0x222 SSD1289x16.o
                0x00002fe4                LCD_Reset
 .text.LCD_SetCursor
                0x00003206       0x22 SSD1289x16.o
                0x00003206                LCD_SetCursor
 .text.LCD_SetArea
                0x00003228       0x5a SSD1289x16.o
                0x00003228                LCD_SetArea
 .text.LCD_PutPixel
                0x00003282       0x12 SSD1289x16.o
                0x00003282                LCD_PutPixel
 .text.LCD_Bar  0x00003294       0x8c SSD1289x16.o
                0x00003294                LCD_Bar
 .text.LCD_Clear
                0x00003320       0x20 SSD1289x16.o
                0x00003320                LCD_Clear
 .text.TCGetX   0x00003340        0xa tc_ad7843_avr_v1_00.o
                0x00003340                TCGetX
 .text.TCGetY   0x0000334a        0xa tc_ad7843_avr_v1_00.o
                0x0000334a                TCGetY
 .text.TCIsPenOn
                0x00003354        0xe tc_ad7843_avr_v1_00.o
                0x00003354                TCIsPenOn
 .text.TCRead   0x00003362       0xe6 tc_ad7843_avr_v1_00.o
                0x00003362                TCRead
 .text.TCInit   0x00003448        0x8 tc_ad7843_avr_v1_00.o
                0x00003448                TCInit
 .text.cal_posx
                0x00003450       0x6a urs_projekt.o
                0x00003450                cal_posx
 .text.cal_posy
                0x000034ba       0x6a urs_projekt.o
                0x000034ba                cal_posy
 .text.Needle   0x00003524      0xa68 urs_projekt.o
                0x00003524                Needle
 .text.DrawDegrees
                0x00003f8c       0x7a urs_projekt.o
                0x00003f8c                DrawDegrees
 .text.readGPRMC
                0x00004006      0x6c4 urs_projekt.o
                0x00004006                readGPRMC
 .text.distance
                0x000046ca      0x1d0 urs_projekt.o
                0x000046ca                distance
 .text.parseHex
                0x0000489a       0x20 urs_projekt.o
                0x0000489a                parseHex
 .text.readGPS  0x000048ba      0x762 urs_projekt.o
                0x000048ba                readGPS
 .text.showAltitude
                0x0000501c      0x3e2 urs_projekt.o
                0x0000501c                showAltitude
 .text.ScanPen  0x000053fe      0x736 urs_projekt.o
                0x000053fe                ScanPen
 .text.showLiveCompass
                0x00005b34      0x4e6 urs_projekt.o
                0x00005b34                showLiveCompass
 .text.showMenu
                0x0000601a      0x27c urs_projekt.o
                0x0000601a                showMenu
 .text.main     0x00006296       0xc0 urs_projekt.o
                0x00006296                main
 .text.showLiveGPS
                0x00006356      0x3c2 urs_projekt.o
                0x00006356                showLiveGPS
 .text.showDistances
                0x00006718      0x5f6 urs_projekt.o
                0x00006718                showDistances
 .text.avr-libc.fplib
                0x00006d0e       0x1c c:/program files/atmel/atmel toolchain/avr8 gcc/native/3.4.1061/avr8-gnu-toolchain/bin/../lib/gcc/avr/4.8.1/../../../../avr/lib/avr5\libm.a(acos.o)
                0x00006d0e                acos
 .text.avr-libc.fplib
                0x00006d2a        0xa c:/program files/atmel/atmel toolchain/avr8 gcc/native/3.4.1061/avr8-gnu-toolchain/bin/../lib/gcc/avr/4.8.1/../../../../avr/lib/avr5\libm.a(addsf3.o)
                0x00006d2a                __subsf3
                0x00006d2c                __addsf3
 .text.avr-libc.fplib
                0x00006d34       0xc0 c:/program files/atmel/atmel toolchain/avr8 gcc/native/3.4.1061/avr8-gnu-toolchain/bin/../lib/gcc/avr/4.8.1/../../../../avr/lib/avr5\libm.a(addsf3x.o)
                0x00006d4e                __addsf3x
 .text.avr-libc.fplib
                0x00006df4        0x8 c:/program files/atmel/atmel toolchain/avr8 gcc/native/3.4.1061/avr8-gnu-toolchain/bin/../lib/gcc/avr/4.8.1/../../../../avr/lib/avr5\libm.a(cmpsf2.o)
                0x00006df4                __nesf2
                0x00006df4                __eqsf2
                0x00006df4                __cmpsf2
                0x00006df4                __ltsf2
                0x00006df4                __lesf2
 .text.avr-libc.fplib
                0x00006dfc        0x6 c:/program files/atmel/atmel toolchain/avr8 gcc/native/3.4.1061/avr8-gnu-toolchain/bin/../lib/gcc/avr/4.8.1/../../../../avr/lib/avr5\libm.a(cos.o)
                0x00006dfc                cos
 .text.avr-libc.fplib
                0x00006e02        0x4 c:/program files/atmel/atmel toolchain/avr8 gcc/native/3.4.1061/avr8-gnu-toolchain/bin/../lib/gcc/avr/4.8.1/../../../../avr/lib/avr5\libm.a(divsf3.o)
                0x00006e02                __divsf3
 .text.avr-libc.fplib
                0x00006e06       0xcc c:/program files/atmel/atmel toolchain/avr8 gcc/native/3.4.1061/avr8-gnu-toolchain/bin/../lib/gcc/avr/4.8.1/../../../../avr/lib/avr5\libm.a(divsf3x.o)
                0x00006e1c                __divsf3x
                0x00006e20                __divsf3_pse
 .text.avr-libc.fplib
                0x00006ed2        0xa c:/program files/atmel/atmel toolchain/avr8 gcc/native/3.4.1061/avr8-gnu-toolchain/bin/../lib/gcc/avr/4.8.1/../../../../avr/lib/avr5\libm.a(fixsfsi.o)
                0x00006ed2                __fixsfsi
 .text.avr-libc.fplib
                0x00006edc       0x58 c:/program files/atmel/atmel toolchain/avr8 gcc/native/3.4.1061/avr8-gnu-toolchain/bin/../lib/gcc/avr/4.8.1/../../../../avr/lib/avr5\libm.a(fixunssfsi.o)
                0x00006edc                __fixunssfsi
 .text.avr-libc.fplib
                0x00006f34       0x7a c:/program files/atmel/atmel toolchain/avr8 gcc/native/3.4.1061/avr8-gnu-toolchain/bin/../lib/gcc/avr/4.8.1/../../../../avr/lib/avr5\libm.a(floatsisf.o)
                0x00006f34                __floatunsisf
                0x00006f38                __floatsisf
 .text.avr-libc.fplib
                0x00006fae       0x36 c:/program files/atmel/atmel toolchain/avr8 gcc/native/3.4.1061/avr8-gnu-toolchain/bin/../lib/gcc/avr/4.8.1/../../../../avr/lib/avr5\libm.a(fp_arccos.o)
                0x00006fae                __fp_arccos
 .text.avr-libc.fplib
                0x00006fe4       0x48 c:/program files/atmel/atmel toolchain/avr8 gcc/native/3.4.1061/avr8-gnu-toolchain/bin/../lib/gcc/avr/4.8.1/../../../../avr/lib/avr5\libm.a(fp_cmp.o)
                0x00006fe4                __fp_cmp
 .text.avr-libc.fplib
                0x0000702c        0xc c:/program files/atmel/atmel toolchain/avr8 gcc/native/3.4.1061/avr8-gnu-toolchain/bin/../lib/gcc/avr/4.8.1/../../../../avr/lib/avr5\libm.a(fp_inf.o)
                0x0000702c                __fp_inf
 .text.avr-libc.fplib
                0x00007038        0x6 c:/program files/atmel/atmel toolchain/avr8 gcc/native/3.4.1061/avr8-gnu-toolchain/bin/../lib/gcc/avr/4.8.1/../../../../avr/lib/avr5\libm.a(fp_nan.o)
                0x00007038                __fp_nan
 .text.avr-libc.fplib
                0x0000703e       0x4a c:/program files/atmel/atmel toolchain/avr8 gcc/native/3.4.1061/avr8-gnu-toolchain/bin/../lib/gcc/avr/4.8.1/../../../../avr/lib/avr5\libm.a(fp_powser.o)
                0x0000703e                __fp_powser
 .text.avr-libc.fplib
                0x00007088        0xe c:/program files/atmel/atmel toolchain/avr8 gcc/native/3.4.1061/avr8-gnu-toolchain/bin/../lib/gcc/avr/4.8.1/../../../../avr/lib/avr5\libm.a(fp_pscA.o)
                0x00007088                __fp_pscA
 .text.avr-libc.fplib
                0x00007096        0xe c:/program files/atmel/atmel toolchain/avr8 gcc/native/3.4.1061/avr8-gnu-toolchain/bin/../lib/gcc/avr/4.8.1/../../../../avr/lib/avr5\libm.a(fp_pscB.o)
                0x00007096                __fp_pscB
 .text.avr-libc.fplib
                0x000070a4       0x50 c:/program files/atmel/atmel toolchain/avr8 gcc/native/3.4.1061/avr8-gnu-toolchain/bin/../lib/gcc/avr/4.8.1/../../../../avr/lib/avr5\libm.a(fp_rempio2.o)
                0x000070a6                __fp_rempio2
 .text.avr-libc.fplib
                0x000070f4       0x22 c:/program files/atmel/atmel toolchain/avr8 gcc/native/3.4.1061/avr8-gnu-toolchain/bin/../lib/gcc/avr/4.8.1/../../../../avr/lib/avr5\libm.a(fp_round.o)
                0x000070f4                __fp_round
 .text.avr-libc.fplib
                0x00007116       0x22 c:/program files/atmel/atmel toolchain/avr8 gcc/native/3.4.1061/avr8-gnu-toolchain/bin/../lib/gcc/avr/4.8.1/../../../../avr/lib/avr5\libm.a(fp_sinus.o)
                0x00007116                __fp_sinus
 .text.avr-libc.fplib
                0x00007138       0x44 c:/program files/atmel/atmel toolchain/avr8 gcc/native/3.4.1061/avr8-gnu-toolchain/bin/../lib/gcc/avr/4.8.1/../../../../avr/lib/avr5\libm.a(fp_split3.o)
                0x00007138                __fp_split3
                0x00007148                __fp_splitA
 .text.avr-libc.fplib
                0x0000717c        0xe c:/program files/atmel/atmel toolchain/avr8 gcc/native/3.4.1061/avr8-gnu-toolchain/bin/../lib/gcc/avr/4.8.1/../../../../avr/lib/avr5\libm.a(fp_zero.o)
                0x0000717c                __fp_zero
                0x0000717e                __fp_szero
 .text.avr-libc.fplib
                0x0000718a        0x8 c:/program files/atmel/atmel toolchain/avr8 gcc/native/3.4.1061/avr8-gnu-toolchain/bin/../lib/gcc/avr/4.8.1/../../../../avr/lib/avr5\libm.a(gesf2.o)
                0x0000718a                __gesf2
                0x0000718a                __gtsf2
 .text.avr-libc.fplib
                0x00007192        0x4 c:/program files/atmel/atmel toolchain/avr8 gcc/native/3.4.1061/avr8-gnu-toolchain/bin/../lib/gcc/avr/4.8.1/../../../../avr/lib/avr5\libm.a(mulsf3.o)
                0x00007192                __mulsf3
 .text.avr-libc.fplib
                0x00007196       0xc2 c:/program files/atmel/atmel toolchain/avr8 gcc/native/3.4.1061/avr8-gnu-toolchain/bin/../lib/gcc/avr/4.8.1/../../../../avr/lib/avr5\libm.a(mulsf3x.o)
                0x000071aa                __mulsf3x
                0x000071ae                __mulsf3_pse
 .text.avr-libc.fplib
                0x00007258       0x40 c:/program files/atmel/atmel toolchain/avr8 gcc/native/3.4.1061/avr8-gnu-toolchain/bin/../lib/gcc/avr/4.8.1/../../../../avr/lib/avr5\libm.a(round.o)
                0x00007258                round
 .text.avr-libc.fplib
                0x00007298        0xc c:/program files/atmel/atmel toolchain/avr8 gcc/native/3.4.1061/avr8-gnu-toolchain/bin/../lib/gcc/avr/4.8.1/../../../../avr/lib/avr5\libm.a(sin.o)
                0x00007298                sin
 .text.avr-libc.fplib
                0x000072a4       0x84 c:/program files/atmel/atmel toolchain/avr8 gcc/native/3.4.1061/avr8-gnu-toolchain/bin/../lib/gcc/avr/4.8.1/../../../../avr/lib/avr5\libm.a(sqrt.o)
                0x000072ac                sqrt
 .text.avr-libc.fplib
                0x00007328       0x36 c:/program files/atmel/atmel toolchain/avr8 gcc/native/3.4.1061/avr8-gnu-toolchain/bin/../lib/gcc/avr/4.8.1/../../../../avr/lib/avr5\libm.a(fp_mintl.o)
                0x00007328                __fp_mintl
 .text.avr-libc.fplib
                0x0000735e       0x1c c:/program files/atmel/atmel toolchain/avr8 gcc/native/3.4.1061/avr8-gnu-toolchain/bin/../lib/gcc/avr/4.8.1/../../../../avr/lib/avr5\libm.a(fp_mpack.o)
                0x0000735e                __fp_mpack
                0x00007362                __fp_mpack_finite
 .text.avr-libc.fplib
                0x0000737a        0xe c:/program files/atmel/atmel toolchain/avr8 gcc/native/3.4.1061/avr8-gnu-toolchain/bin/../lib/gcc/avr/4.8.1/../../../../avr/lib/avr5\libm.a(fp_norm2.o)
                0x0000737a                __fp_norm2
 .text.avr-libc.fplib
                0x00007388       0x22 c:/program files/atmel/atmel toolchain/avr8 gcc/native/3.4.1061/avr8-gnu-toolchain/bin/../lib/gcc/avr/4.8.1/../../../../avr/lib/avr5\libm.a(fp_powsodd.o)
                0x00007388                __fp_powsodd
 .text.libgcc.mul
                0x000073aa       0x20 c:/program files/atmel/atmel toolchain/avr8 gcc/native/3.4.1061/avr8-gnu-toolchain/bin/../lib/gcc/avr/4.8.1/avr5\libgcc.a(_mulsi3.o)
                0x000073aa                __mulsi3
 .text.libgcc.div
                0x000073ca       0x2e c:/program files/atmel/atmel toolchain/avr8 gcc/native/3.4.1061/avr8-gnu-toolchain/bin/../lib/gcc/avr/4.8.1/avr5\libgcc.a(_divmodsi4.o)
                0x000073ca                __divmodsi4
 .text.libgcc.div
                0x000073f8       0x10 c:/program files/atmel/atmel toolchain/avr8 gcc/native/3.4.1061/avr8-gnu-toolchain/bin/../lib/gcc/avr/4.8.1/avr5\libgcc.a(_negsi2.o)
                0x000073f8                __negsi2
 .text.libgcc.mul
                0x00007408       0x16 c:/program files/atmel/atmel toolchain/avr8 gcc/native/3.4.1061/avr8-gnu-toolchain/bin/../lib/gcc/avr/4.8.1/avr5\libgcc.a(_muluhisi3.o)
                0x00007408                __muluhisi3
 .text.libgcc.div
                0x0000741e       0x44 c:/program files/atmel/atmel toolchain/avr8 gcc/native/3.4.1061/avr8-gnu-toolchain/bin/../lib/gcc/avr/4.8.1/avr5\libgcc.a(_udivmodsi4.o)
                0x0000741e                __udivmodsi4
 .text.libgcc.mul
                0x00007462       0x1e c:/program files/atmel/atmel toolchain/avr8 gcc/native/3.4.1061/avr8-gnu-toolchain/bin/../lib/gcc/avr/4.8.1/avr5\libgcc.a(_umulhisi3.o)
                0x00007462                __umulhisi3
 .text.avr-libc
                0x00007480        0x8 c:/program files/atmel/atmel toolchain/avr8 gcc/native/3.4.1061/avr8-gnu-toolchain/bin/../lib/gcc/avr/4.8.1/../../../../avr/lib/avr5\libc.a(atof.o)
                0x00007480                atof
 .text.avr-libc
                0x00007488       0x3c c:/program files/atmel/atmel toolchain/avr8 gcc/native/3.4.1061/avr8-gnu-toolchain/bin/../lib/gcc/avr/4.8.1/../../../../avr/lib/avr5\libc.a(atoi.o)
                0x00007488                atoi
 .text.avr-libc
                0x000074c4       0x4e c:/program files/atmel/atmel toolchain/avr8 gcc/native/3.4.1061/avr8-gnu-toolchain/bin/../lib/gcc/avr/4.8.1/../../../../avr/lib/avr5\libc.a(atol.o)
                0x000074c4                atol
 .text.avr-libc
                0x00007512       0x16 c:/program files/atmel/atmel toolchain/avr8 gcc/native/3.4.1061/avr8-gnu-toolchain/bin/../lib/gcc/avr/4.8.1/../../../../avr/lib/avr5\libc.a(strchr.o)
                0x00007512                strchr
 .text.avr-libc
                0x00007528       0x1e c:/program files/atmel/atmel toolchain/avr8 gcc/native/3.4.1061/avr8-gnu-toolchain/bin/../lib/gcc/avr/4.8.1/../../../../avr/lib/avr5\libc.a(strncpy.o)
                0x00007528                strncpy
 .text.avr-libc
                0x00007546       0x34 c:/program files/atmel/atmel toolchain/avr8 gcc/native/3.4.1061/avr8-gnu-toolchain/bin/../lib/gcc/avr/4.8.1/../../../../avr/lib/avr5\libc.a(strstr.o)
                0x00007546                strstr
 .text.avr-libc
                0x0000757a       0x2a c:/program files/atmel/atmel toolchain/avr8 gcc/native/3.4.1061/avr8-gnu-toolchain/bin/../lib/gcc/avr/4.8.1/../../../../avr/lib/avr5\libc.a(mulsi10.o)
                0x0000757a                __mulsi_const_10
 .text.avr-libc
                0x000075a4       0x10 c:/program files/atmel/atmel toolchain/avr8 gcc/native/3.4.1061/avr8-gnu-toolchain/bin/../lib/gcc/avr/4.8.1/../../../../avr/lib/avr5\libc.a(mul10.o)
                0x000075a4                __mulhi_const_10
 .text.avr-libc
                0x000075b4       0x44 c:/program files/atmel/atmel toolchain/avr8 gcc/native/3.4.1061/avr8-gnu-toolchain/bin/../lib/gcc/avr/4.8.1/../../../../avr/lib/avr5\libc.a(sprintf.o)
                0x000075b4                sprintf
 .text.avr-libc
                0x000075f8      0x3a4 c:/program files/atmel/atmel toolchain/avr8 gcc/native/3.4.1061/avr8-gnu-toolchain/bin/../lib/gcc/avr/4.8.1/../../../../avr/lib/avr5\libc.a(vfprintf_std.o)
                0x000075f8                vfprintf
 .text.avr-libc
                0x0000799c      0x2c6 c:/program files/atmel/atmel toolchain/avr8 gcc/native/3.4.1061/avr8-gnu-toolchain/bin/../lib/gcc/avr/4.8.1/../../../../avr/lib/avr5\libc.a(strtod.o)
                0x0000799c                strtod
 .text.avr-libc
                0x00007c62       0x10 c:/program files/atmel/atmel toolchain/avr8 gcc/native/3.4.1061/avr8-gnu-toolchain/bin/../lib/gcc/avr/4.8.1/../../../../avr/lib/avr5\libc.a(isspace.o)
                0x00007c62                isspace
 .text.avr-libc
                0x00007c72       0x30 c:/program files/atmel/atmel toolchain/avr8 gcc/native/3.4.1061/avr8-gnu-toolchain/bin/../lib/gcc/avr/4.8.1/../../../../avr/lib/avr5\libc.a(strncasecmp_P.o)
                0x00007c72                strncasecmp_P
 .text.avr-libc
                0x00007ca2       0x16 c:/program files/atmel/atmel toolchain/avr8 gcc/native/3.4.1061/avr8-gnu-toolchain/bin/../lib/gcc/avr/4.8.1/../../../../avr/lib/avr5\libc.a(strnlen_P.o)
                0x00007ca2                strnlen_P
 .text.avr-libc
                0x00007cb8       0x16 c:/program files/atmel/atmel toolchain/avr8 gcc/native/3.4.1061/avr8-gnu-toolchain/bin/../lib/gcc/avr/4.8.1/../../../../avr/lib/avr5\libc.a(strnlen.o)
                0x00007cb8                strnlen
 .text.avr-libc
                0x00007cce       0x64 c:/program files/atmel/atmel toolchain/avr8 gcc/native/3.4.1061/avr8-gnu-toolchain/bin/../lib/gcc/avr/4.8.1/../../../../avr/lib/avr5\libc.a(fputc.o)
                0x00007cce                fputc
 .text.avr-libc
                0x00007d32       0xbc c:/program files/atmel/atmel toolchain/avr8 gcc/native/3.4.1061/avr8-gnu-toolchain/bin/../lib/gcc/avr/4.8.1/../../../../avr/lib/avr5\libc.a(ultoa_invert.o)
                0x00007d32                __ultoa_invert
 .text.avr-libc
                0x00007dee        0x6 c:/program files/atmel/atmel toolchain/avr8 gcc/native/3.4.1061/avr8-gnu-toolchain/bin/../lib/gcc/avr/4.8.1/../../../../avr/lib/avr5\libc.a(cty_isfalse.o)
                0x00007dee                __ctype_isfalse
                0x00007df2                __ctype_istrue
 .text.libgcc.prologue
                0x00007df4       0x38 c:/program files/atmel/atmel toolchain/avr8 gcc/native/3.4.1061/avr8-gnu-toolchain/bin/../lib/gcc/avr/4.8.1/avr5\libgcc.a(_prologue.o)
                0x00007df4                __prologue_saves__
 .text.libgcc.prologue
                0x00007e2c       0x36 c:/program files/atmel/atmel toolchain/avr8 gcc/native/3.4.1061/avr8-gnu-toolchain/bin/../lib/gcc/avr/4.8.1/avr5\libgcc.a(_epilogue.o)
                0x00007e2c                __epilogue_restores__
                0x00007e62                . = ALIGN (0x2)
 *(.fini9)
 .fini9         0x00007e62        0x0 c:/program files/atmel/atmel toolchain/avr8 gcc/native/3.4.1061/avr8-gnu-toolchain/bin/../lib/gcc/avr/4.8.1/avr5\libgcc.a(_exit.o)
                0x00007e62                _exit
                0x00007e62                exit
 *(.fini9)
 *(.fini8)
 *(.fini8)
 *(.fini7)
 *(.fini7)
 *(.fini6)
 *(.fini6)
 *(.fini5)
 *(.fini5)
 *(.fini4)
 *(.fini4)
 *(.fini3)
 *(.fini3)
 *(.fini2)
 *(.fini2)
 *(.fini1)
 *(.fini1)
 *(.fini0)
 .fini0         0x00007e62        0x4 c:/program files/atmel/atmel toolchain/avr8 gcc/native/3.4.1061/avr8-gnu-toolchain/bin/../lib/gcc/avr/4.8.1/avr5\libgcc.a(_exit.o)
 *(.fini0)
                0x00007e66                _etext = .

.data           0x00800060      0x18a load address 0x00007e66
                0x00800060                PROVIDE (__data_start, .)
 *(.data)
 *(.data*)
 .data.FontSpace
                0x00800060        0x1 font.o
                0x00800060                FontSpace
 .data.FontYScale
                0x00800061        0x1 font.o
                0x00800061                FontYScale
 .data.FontXScale
                0x00800062        0x1 font.o
                0x00800062                FontXScale
 .data.FgColor  0x00800063        0x2 font.o
                0x00800063                FgColor
 .data.serialBits
                0x00800065        0x7 serial.o
                0x00800065                serialBits
 .data.serialRegisters
                0x0080006c        0xc serial.o
                0x0080006c                serialRegisters
 .data._color   0x00800078        0x2 SSD1289x16.o
                0x00800078                _color
 .data.y_t      0x0080007a       0x10 urs_projekt.o
                0x0080007a                y_t
 .data.x_t      0x0080008a       0x10 urs_projekt.o
                0x0080008a                x_t
 .data.cm2y     0x0080009a        0x4 urs_projekt.o
                0x0080009a                cm2y
 .data.cm1y     0x0080009e        0x4 urs_projekt.o
                0x0080009e                cm1y
 .data.ccy      0x008000a2        0x4 urs_projekt.o
                0x008000a2                ccy
 .data.cm2x     0x008000a6        0x4 urs_projekt.o
                0x008000a6                cm2x
 .data.cm1x     0x008000aa        0x4 urs_projekt.o
                0x008000aa                cm1x
 .data.ccx      0x008000ae        0x4 urs_projekt.o
                0x008000ae                ccx
 *(.rodata)
 *(.rodata*)
 .rodata.str1.1
                0x008000b2      0x137 urs_projekt.o
                                0x13e (size before relaxing)
 *(.gnu.linkonce.d*)
                0x008001ea                . = ALIGN (0x2)
 *fill*         0x008001e9        0x1 
                0x008001ea                _edata = .
                0x008001ea                PROVIDE (__data_end, .)

.bss            0x008001ea       0xe0
                0x008001ea                PROVIDE (__bss_start, .)
 *(.bss)
 *(.bss*)
 .bss.cursorY   0x008001ea        0x2 font.o
                0x008001ea                cursorY
 .bss.cursorX   0x008001ec        0x2 font.o
                0x008001ec                cursorX
 .bss.NonTransparence
                0x008001ee        0x1 font.o
                0x008001ee                NonTransparence
 .bss.FontFixed
                0x008001ef        0x1 font.o
                0x008001ef                FontFixed
 .bss.BkColor   0x008001f0        0x2 font.o
                0x008001f0                BkColor
 .bss.rot       0x008001f2        0x1 font.o
                0x008001f2                rot
 .bss.spi_status
                0x008001f3        0x1 spi.o
                0x008001f3                spi_status
 .bss.cardinal_dir
                0x008001f4       0x10 urs_projekt.o
                0x008001f4                cardinal_dir
 .bss.last_pen_check
                0x00800204        0x1 urs_projekt.o
                0x00800204                last_pen_check
 *(COMMON)
 COMMON         0x00800205        0x4 font.o
                0x00800205                FontWidth
                0x00800206                FontHeight
                0x00800207                FontPointer
 COMMON         0x00800209       0x3c serial.o
                0x00800209                rxWrite
                0x0080020b                flow
                0x0080020c                txRead
                0x0080020e                txWrite
                0x00800210                sendThisNext
                0x00800211                shouldStartTransmission
                0x00800212                rxRead
                0x00800214                rxBuffer
                0x00800234                txBuffer
                0x00800244                rxBufferElements
 COMMON         0x00800245        0x6 spi.o
                0x00800245                spi_wi
                0x00800247                spi_cnt
                0x00800249                spi_ri
 COMMON         0x0080024b        0xc tc_ad7843_avr_v1_00.o
                0x0080024b                spi_buf
                0x00800253                tc_x
                0x00800255                tc_y
 COMMON         0x00800257       0x71 urs_projekt.o
                0x00800257                latitudeInput
                0x00800262                longitudeInput
                0x0080026d                currentScreen
                0x0080026f                p_stat
                0x00800270                vpos
                0x00800272                currentReading
                0x008002ac                hpos
                0x008002ae                previousReading
 COMMON         0x008002c8        0x2 c:/program files/atmel/atmel toolchain/avr8 gcc/native/3.4.1061/avr8-gnu-toolchain/bin/../lib/gcc/avr/4.8.1/../../../../avr/lib/avr5\libc.a(errno.o)
                0x008002c8                errno
                0x008002ca                PROVIDE (__bss_end, .)
                0x00007e66                __data_load_start = LOADADDR (.data)
                0x00007ff0                __data_load_end = (__data_load_start + SIZEOF (.data))

.noinit         0x008002ca        0x0
                0x008002ca                PROVIDE (__noinit_start, .)
 *(.noinit*)
                0x008002ca                PROVIDE (__noinit_end, .)
                0x008002ca                _end = .
                0x008002ca                PROVIDE (__heap_start, .)

.eeprom         0x00810000        0x0
 *(.eeprom*)
                0x00810000                __eeprom_end = .

.fuse
 *(.fuse)
 *(.lfuse)
 *(.hfuse)
 *(.efuse)

.lock
 *(.lock*)

.signature
 *(.signature*)

.user_signatures
 *(.user_signatures*)

.stab
 *(.stab)

.stabstr
 *(.stabstr)

.stab.excl
 *(.stab.excl)

.stab.exclstr
 *(.stab.exclstr)

.stab.index
 *(.stab.index)

.stab.indexstr
 *(.stab.indexstr)

.comment        0x00000000       0x5c
 *(.comment)
 .comment       0x00000000       0x30 font.o
                                 0x31 (size before relaxing)
 .comment       0x00000000       0x31 Graphic.o
 .comment       0x00000000       0x31 serial.o
 .comment       0x00000000       0x31 spi.o
 .comment       0x00000000       0x31 SSD1289x16.o
 .comment       0x00000000       0x31 tc_ad7843_avr_v1_00.o
 .comment       0x00000000       0x31 urs_projekt.o
 .comment       0x00000000       0x31 c:/program files/atmel/atmel toolchain/avr8 gcc/native/3.4.1061/avr8-gnu-toolchain/bin/../lib/gcc/avr/4.8.1/../../../../avr/lib/avr5\libc.a(sprintf.o)
 .comment       0x00000030       0x2c c:/program files/atmel/atmel toolchain/avr8 gcc/native/3.4.1061/avr8-gnu-toolchain/bin/../lib/gcc/avr/4.8.1/../../../../avr/lib/avr5\libc.a(vfprintf_std.o)
                                 0x2d (size before relaxing)
 .comment       0x00000000       0x31 c:/program files/atmel/atmel toolchain/avr8 gcc/native/3.4.1061/avr8-gnu-toolchain/bin/../lib/gcc/avr/4.8.1/../../../../avr/lib/avr5\libc.a(strtod.o)
 .comment       0x00000000       0x31 c:/program files/atmel/atmel toolchain/avr8 gcc/native/3.4.1061/avr8-gnu-toolchain/bin/../lib/gcc/avr/4.8.1/../../../../avr/lib/avr5\libc.a(fputc.o)
 .comment       0x00000000       0x2d c:/program files/atmel/atmel toolchain/avr8 gcc/native/3.4.1061/avr8-gnu-toolchain/bin/../lib/gcc/avr/4.8.1/../../../../avr/lib/avr5\libc.a(errno.o)

.note.gnu.build-id
 *(.note.gnu.build-id)

.debug
 *(.debug)

.line
 *(.line)

.debug_srcinfo
 *(.debug_srcinfo)

.debug_sfnames
 *(.debug_sfnames)

.debug_aranges  0x00000000      0x2c0
 *(.debug_aranges)
 .debug_aranges
                0x00000000       0x40 font.o
 .debug_aranges
                0x00000040       0x38 Graphic.o
 .debug_aranges
                0x00000078       0xa0 serial.o
 .debug_aranges
                0x00000118       0x38 spi.o
 .debug_aranges
                0x00000150       0x88 SSD1289x16.o
 .debug_aranges
                0x000001d8       0x40 tc_ad7843_avr_v1_00.o
 .debug_aranges
                0x00000218       0xa8 urs_projekt.o

.debug_pubnames
 *(.debug_pubnames)

.debug_info     0x00000000     0x6fad
 *(.debug_info .gnu.linkonce.wi.*)
 .debug_info    0x00000000      0x739 font.o
 .debug_info    0x00000739      0xbb3 Graphic.o
 .debug_info    0x000012ec      0x5ce serial.o
 .debug_info    0x000018ba      0x1c1 spi.o
 .debug_info    0x00001a7b      0xfaf SSD1289x16.o
 .debug_info    0x00002a2a      0x1fe tc_ad7843_avr_v1_00.o
 .debug_info    0x00002c28     0x4385 urs_projekt.o

.debug_abbrev   0x00000000      0xbcc
 *(.debug_abbrev)
 .debug_abbrev  0x00000000      0x1b5 font.o
 .debug_abbrev  0x000001b5       0xe2 Graphic.o
 .debug_abbrev  0x00000297      0x191 serial.o
 .debug_abbrev  0x00000428      0x112 spi.o
 .debug_abbrev  0x0000053a      0x19f SSD1289x16.o
 .debug_abbrev  0x000006d9      0x109 tc_ad7843_avr_v1_00.o
 .debug_abbrev  0x000007e2      0x3ea urs_projekt.o

.debug_line     0x00000000     0x11b4
 *(.debug_line .debug_line.* .debug_line_end)
 .debug_line    0x00000000      0x1ba font.o
 .debug_line    0x000001ba      0x10c Graphic.o
 .debug_line    0x000002c6      0x293 serial.o
 .debug_line    0x00000559       0xec spi.o
 .debug_line    0x00000645      0x23a SSD1289x16.o
 .debug_line    0x0000087f      0x10d tc_ad7843_avr_v1_00.o
 .debug_line    0x0000098c      0x828 urs_projekt.o

.debug_frame    0x00000000      0xcac
 *(.debug_frame)
 .debug_frame   0x00000000      0x144 font.o
 .debug_frame   0x00000144      0x1a8 Graphic.o
 .debug_frame   0x000002ec      0x1e8 serial.o
 .debug_frame   0x000004d4       0x5c spi.o
 .debug_frame   0x00000530      0x1e8 SSD1289x16.o
 .debug_frame   0x00000718       0x94 tc_ad7843_avr_v1_00.o
 .debug_frame   0x000007ac      0x500 urs_projekt.o

.debug_str      0x00000000      0xa91
 *(.debug_str)
 .debug_str     0x00000000      0x2a6 font.o
                                0x2f2 (size before relaxing)
 .debug_str     0x000002a6       0x43 Graphic.o
                                0x1ad (size before relaxing)
 .debug_str     0x000002e9      0x1fa serial.o
                                0x30a (size before relaxing)
 .debug_str     0x000004e3       0xbc spi.o
                                0x1fb (size before relaxing)
 .debug_str     0x0000059f       0xd3 SSD1289x16.o
                                0x271 (size before relaxing)
 .debug_str     0x00000672       0x66 tc_ad7843_avr_v1_00.o
                                0x1e1 (size before relaxing)
 .debug_str     0x000006d8      0x3b9 urs_projekt.o
                                0x600 (size before relaxing)

.debug_loc      0x00000000     0x4aad
 *(.debug_loc)
 .debug_loc     0x00000000      0xbc1 font.o
 .debug_loc     0x00000bc1      0xce3 Graphic.o
 .debug_loc     0x000018a4      0x5d6 serial.o
 .debug_loc     0x00001e7a      0x119 spi.o
 .debug_loc     0x00001f93      0xc60 SSD1289x16.o
 .debug_loc     0x00002bf3       0x8a tc_ad7843_avr_v1_00.o
 .debug_loc     0x00002c7d     0x1e30 urs_projekt.o

.debug_macinfo
 *(.debug_macinfo)

.debug_weaknames
 *(.debug_weaknames)

.debug_funcnames
 *(.debug_funcnames)

.debug_typenames
 *(.debug_typenames)

.debug_varnames
 *(.debug_varnames)

.debug_pubtypes
 *(.debug_pubtypes)

.debug_ranges   0x00000000      0x350
 *(.debug_ranges)
 .debug_ranges  0x00000000       0xe0 font.o
 .debug_ranges  0x000000e0       0x28 Graphic.o
 .debug_ranges  0x00000108       0x90 serial.o
 .debug_ranges  0x00000198       0x28 spi.o
 .debug_ranges  0x000001c0       0x78 SSD1289x16.o
 .debug_ranges  0x00000238       0x30 tc_ad7843_avr_v1_00.o
 .debug_ranges  0x00000268       0xe8 urs_projekt.o

.debug_macro
 *(.debug_macro)
OUTPUT(urs_projekt.elf elf32-avr)
LOAD linker stubs
