Archive member included because of file (symbol)

c:/program files/atmel/atmel toolchain/avr8 gcc/native/3.4.1061/avr8-gnu-toolchain/bin/../lib/gcc/avr/4.8.1/../../../../avr/lib/avr5\libm.a(acos.o)
                              urs_projekt.o (acos)
c:/program files/atmel/atmel toolchain/avr8 gcc/native/3.4.1061/avr8-gnu-toolchain/bin/../lib/gcc/avr/4.8.1/../../../../avr/lib/avr5\libm.a(addsf3.o)
                              urs_projekt.o (__subsf3)
c:/program files/atmel/atmel toolchain/avr8 gcc/native/3.4.1061/avr8-gnu-toolchain/bin/../lib/gcc/avr/4.8.1/../../../../avr/lib/avr5\libm.a(addsf3x.o)
                              c:/program files/atmel/atmel toolchain/avr8 gcc/native/3.4.1061/avr8-gnu-toolchain/bin/../lib/gcc/avr/4.8.1/../../../../avr/lib/avr5\libm.a(acos.o) (__addsf3x)
c:/program files/atmel/atmel toolchain/avr8 gcc/native/3.4.1061/avr8-gnu-toolchain/bin/../lib/gcc/avr/4.8.1/../../../../avr/lib/avr5\libm.a(cmpsf2.o)
                              urs_projekt.o (__ltsf2)
c:/program files/atmel/atmel toolchain/avr8 gcc/native/3.4.1061/avr8-gnu-toolchain/bin/../lib/gcc/avr/4.8.1/../../../../avr/lib/avr5\libm.a(cos.o)
                              urs_projekt.o (cos)
c:/program files/atmel/atmel toolchain/avr8 gcc/native/3.4.1061/avr8-gnu-toolchain/bin/../lib/gcc/avr/4.8.1/../../../../avr/lib/avr5\libm.a(divsf3.o)
                              urs_projekt.o (__divsf3)
c:/program files/atmel/atmel toolchain/avr8 gcc/native/3.4.1061/avr8-gnu-toolchain/bin/../lib/gcc/avr/4.8.1/../../../../avr/lib/avr5\libm.a(divsf3x.o)
                              c:/program files/atmel/atmel toolchain/avr8 gcc/native/3.4.1061/avr8-gnu-toolchain/bin/../lib/gcc/avr/4.8.1/../../../../avr/lib/avr5\libm.a(divsf3.o) (__divsf3x)
c:/program files/atmel/atmel toolchain/avr8 gcc/native/3.4.1061/avr8-gnu-toolchain/bin/../lib/gcc/avr/4.8.1/../../../../avr/lib/avr5\libm.a(fixsfsi.o)
                              urs_projekt.o (__fixsfsi)
c:/program files/atmel/atmel toolchain/avr8 gcc/native/3.4.1061/avr8-gnu-toolchain/bin/../lib/gcc/avr/4.8.1/../../../../avr/lib/avr5\libm.a(fixunssfsi.o)
                              urs_projekt.o (__fixunssfsi)
c:/program files/atmel/atmel toolchain/avr8 gcc/native/3.4.1061/avr8-gnu-toolchain/bin/../lib/gcc/avr/4.8.1/../../../../avr/lib/avr5\libm.a(floatsisf.o)
                              urs_projekt.o (__floatsisf)
c:/program files/atmel/atmel toolchain/avr8 gcc/native/3.4.1061/avr8-gnu-toolchain/bin/../lib/gcc/avr/4.8.1/../../../../avr/lib/avr5\libm.a(fp_arccos.o)
                              c:/program files/atmel/atmel toolchain/avr8 gcc/native/3.4.1061/avr8-gnu-toolchain/bin/../lib/gcc/avr/4.8.1/../../../../avr/lib/avr5\libm.a(acos.o) (__fp_arccos)
c:/program files/atmel/atmel toolchain/avr8 gcc/native/3.4.1061/avr8-gnu-toolchain/bin/../lib/gcc/avr/4.8.1/../../../../avr/lib/avr5\libm.a(fp_cmp.o)
                              c:/program files/atmel/atmel toolchain/avr8 gcc/native/3.4.1061/avr8-gnu-toolchain/bin/../lib/gcc/avr/4.8.1/../../../../avr/lib/avr5\libm.a(cmpsf2.o) (__fp_cmp)
c:/program files/atmel/atmel toolchain/avr8 gcc/native/3.4.1061/avr8-gnu-toolchain/bin/../lib/gcc/avr/4.8.1/../../../../avr/lib/avr5\libm.a(fp_inf.o)
                              c:/program files/atmel/atmel toolchain/avr8 gcc/native/3.4.1061/avr8-gnu-toolchain/bin/../lib/gcc/avr/4.8.1/../../../../avr/lib/avr5\libm.a(addsf3x.o) (__fp_inf)
c:/program files/atmel/atmel toolchain/avr8 gcc/native/3.4.1061/avr8-gnu-toolchain/bin/../lib/gcc/avr/4.8.1/../../../../avr/lib/avr5\libm.a(fp_nan.o)
                              c:/program files/atmel/atmel toolchain/avr8 gcc/native/3.4.1061/avr8-gnu-toolchain/bin/../lib/gcc/avr/4.8.1/../../../../avr/lib/avr5\libm.a(addsf3x.o) (__fp_nan)
c:/program files/atmel/atmel toolchain/avr8 gcc/native/3.4.1061/avr8-gnu-toolchain/bin/../lib/gcc/avr/4.8.1/../../../../avr/lib/avr5\libm.a(fp_powser.o)
                              c:/program files/atmel/atmel toolchain/avr8 gcc/native/3.4.1061/avr8-gnu-toolchain/bin/../lib/gcc/avr/4.8.1/../../../../avr/lib/avr5\libm.a(fp_arccos.o) (__fp_powser)
c:/program files/atmel/atmel toolchain/avr8 gcc/native/3.4.1061/avr8-gnu-toolchain/bin/../lib/gcc/avr/4.8.1/../../../../avr/lib/avr5\libm.a(fp_pscA.o)
                              c:/program files/atmel/atmel toolchain/avr8 gcc/native/3.4.1061/avr8-gnu-toolchain/bin/../lib/gcc/avr/4.8.1/../../../../avr/lib/avr5\libm.a(addsf3x.o) (__fp_pscA)
c:/program files/atmel/atmel toolchain/avr8 gcc/native/3.4.1061/avr8-gnu-toolchain/bin/../lib/gcc/avr/4.8.1/../../../../avr/lib/avr5\libm.a(fp_pscB.o)
                              c:/program files/atmel/atmel toolchain/avr8 gcc/native/3.4.1061/avr8-gnu-toolchain/bin/../lib/gcc/avr/4.8.1/../../../../avr/lib/avr5\libm.a(addsf3x.o) (__fp_pscB)
c:/program files/atmel/atmel toolchain/avr8 gcc/native/3.4.1061/avr8-gnu-toolchain/bin/../lib/gcc/avr/4.8.1/../../../../avr/lib/avr5\libm.a(fp_rempio2.o)
[...]
Memory Configuration

Name             Origin             Length             Attributes
text             0x00000000         0x00020000         xr
data             0x00800060         0x0000ffa0         rw !x
eeprom           0x00810000         0x00010000         rw !x
fuse             0x00820000         0x00000400         rw !x
lock             0x00830000         0x00000400         rw !x
signature        0x00840000         0x00000400         rw !x
user_signatures  0x00850000         0x00000400         rw !x
*default*        0x00000000         0xffffffff

Linker script and memory map

LOAD c:/program files/atmel/atmel toolchain/avr8 gcc/native/3.4.1061/avr8-gnu-toolchain/bin/../lib/gcc/avr/4.8.1/../../../../avr/lib/avr5/crtm32.o
LOAD font.o
LOAD Graphic.o
LOAD serial.o
LOAD spi.o
LOAD SSD1289x16.o
LOAD tc_ad7843_avr_v1_00.o
LOAD urs_projekt.o
START GROUP
LOAD c:/program files/atmel/atmel toolchain/avr8 gcc/native/3.4.1061/avr8-gnu-toolchain/bin/../lib/gcc/avr/4.8.1/../../../../avr/lib/avr5\libm.a
END GROUP
START GROUP
LOAD c:/program files/atmel/atmel toolchain/avr8 gcc/native/3.4.1061/avr8-gnu-toolchain/bin/../lib/gcc/avr/4.8.1/avr5\libgcc.a
LOAD c:/program files/atmel/atmel toolchain/avr8 gcc/native/3.4.1061/avr8-gnu-toolchain/bin/../lib/gcc/avr/4.8.1/../../../../avr/lib/avr5\libm.a
LOAD c:/program files/atmel/atmel toolchain/avr8 gcc/native/3.4.1061/avr8-gnu-toolchain/bin/../lib/gcc/avr/4.8.1/../../../../avr/lib/avr5\libc.a
END GROUP

.hash
 *(.hash)

.dynsym
 *(.dynsym)

.dynstr
 *(.dynstr)

.gnu.version
 *(.gnu.version)

.gnu.version_d
 *(.gnu.version_d)

.gnu.version_r
 *(.gnu.version_r)

.rel.init
 *(.rel.init)

.rela.init
 *(.rela.init)

.rel.text
 *(.rel.text)
 *(.rel.text.*)
 *(.rel.gnu.linkonce.t*)

.rela.text
 *(.rela.text)
 *(.rela.text.*)
 *(.rela.gnu.linkonce.t*)

.rel.fini
 *(.rel.fini)

.rela.fini
 *(.rela.fini)

.rel.rodata
 *(.rel.rodata)
 *(.rel.rodata.*)
 *(.rel.gnu.linkonce.r*)

.rela.rodata
 *(.rela.rodata)
 *(.rela.rodata.*)
 *(.rela.gnu.linkonce.r*)

.rel.data
 *(.rel.data)
 *(.rel.data.*)
 *(.rel.gnu.linkonce.d*)

.rela.data
 *(.rela.data)
 *(.rela.data.*)
 *(.rela.gnu.linkonce.d*)

.rel.ctors
 *(.rel.ctors)

.rela.ctors
 *(.rela.ctors)

.rel.dtors
 *(.rel.dtors)

.rela.dtors
 *(.rela.dtors)

.rel.got
 *(.rel.got)

.rela.got
 *(.rela.got)

.rel.bss
 *(.rel.bss)

.rela.bss
 *(.rela.bss)

.rel.plt
 *(.rel.plt)

.rela.plt
 *(.rela.plt)

.text           0x00000000     0x7538
 *(.vectors)
 .vectors       0x00000000       0x54 c:/program files/atmel/atmel toolchain/avr8 gcc/native/3.4.1061/avr8-gnu-toolchain/bin/../lib/gcc/avr/4.8.1/../../../../avr/lib/avr5/crtm32.o
                0x00000000                __vector_default
                0x00000000                __vectors
 *(.vectors)
 *(.progmem.gcc*)
 .progmem.gcc_fplib
                0x00000054       0x1e c:/program files/atmel/atmel toolchain/avr8 gcc/native/3.4.1061/avr8-gnu-toolchain/bin/../lib/gcc/avr/4.8.1/../../../../avr/lib/avr5\libm.a(fp_sinus.o)
                0x00000072                . = ALIGN (0x2)
                0x00000072                __trampolines_start = .
 *(.trampolines)
 .trampolines   0x00000072        0x0 linker stubs
 *(.trampolines*)
                0x00000072                __trampolines_end = .
 *(.progmem*)
 .progmem.data.ft18x34
                0x00000072     0x1b08 urs_projekt.o
                0x00000072                ft18x34
 .progmem.data  0x00001b7a       0x3b c:/program files/atmel/atmel toolchain/avr8 gcc/native/3.4.1061/avr8-gnu-toolchain/bin/../lib/gcc/avr/4.8.1/../../../../avr/lib/avr5\libc.a(strtod.o)
                0x00001bb6                . = ALIGN (0x2)
 *fill*         0x00001bb5        0x1 
 *(.jumptables)
 *(.jumptables*)
 *(.lowtext)
 *(.lowtext*)
                0x00001bb6                __ctors_start = .
 *(.ctors)
                0x00001bb6                __ctors_end = .
                0x00001bb6                __dtors_start = .
 *(.dtors)
                0x00001bb6                __dtors_end = .
 SORT(*)(.ctors)
 SORT(*)(.dtors)
 *(.init0)
 .init0         0x00001bb6        0x0 c:/program files/atmel/atmel toolchain/avr8 gcc/native/3.4.1061/avr8-gnu-toolchain/bin/../lib/gcc/avr/4.8.1/../../../../avr/lib/avr5/crtm32.o
                0x00001bb6                __init
 *(.init0)
 *(.init1)
 *(.init1)
 *(.init2)
 .init2         0x00001bb6        0xc c:/program files/atmel/atmel toolchain/avr8 gcc/native/3.4.1061/avr8-gnu-toolchain/bin/../lib/gcc/avr/4.8.1/../../../../avr/lib/avr5/crtm32.o
 *(.init2)
 *(.init3)
 *(.init3)
 *(.init4)
 .init4         0x00001bc2       0x16 c:/program files/atmel/atmel toolchain/avr8 gcc/native/3.4.1061/avr8-gnu-toolchain/bin/../lib/gcc/avr/4.8.1/avr5\libgcc.a(_copy_data.o)
                0x00001bc2                __do_copy_data
 .init4         0x00001bd8       0x10 c:/program files/atmel/atmel toolchain/avr8 gcc/native/3.4.1061/avr8-gnu-toolchain/bin/../lib/gcc/avr/4.8.1/avr5\libgcc.a(_clear_bss.o)
                0x00001bd8                __do_clear_bss
 *(.init4)
 *(.init5)
 *(.init5)
 *(.init6)
 *(.init6)
 *(.init7)
 *(.init7)
 *(.init8)
 *(.init8)
 *(.init9)
 .init9         0x00001be8        0x8 c:/program files/atmel/atmel toolchain/avr8 gcc/native/3.4.1061/avr8-gnu-toolchain/bin/../lib/gcc/avr/4.8.1/../../../../avr/lib/avr5/crtm32.o
 *(.init9)
 *(.text)
 .text          0x00001bf0        0x4 c:/program files/atmel/atmel toolchain/avr8 gcc/native/3.4.1061/avr8-gnu-toolchain/bin/../lib/gcc/avr/4.8.1/../../../../avr/lib/avr5/crtm32.o
                0x00001bf0                __vector_1
                0x00001bf0                __vector_12
                0x00001bf0                __bad_interrupt
                0x00001bf0                __vector_6
                0x00001bf0                __vector_3
                0x00001bf0                __vector_11
                0x00001bf0                __vector_17
                0x00001bf0                __vector_19
                0x00001bf0                __vector_7
                0x00001bf0                __vector_5
                0x00001bf0                __vector_4
                0x00001bf0                __vector_9
                0x00001bf0                __vector_2
                0x00001bf0                __vector_15
                0x00001bf0                __vector_8
                0x00001bf0                __vector_10
                0x00001bf0                __vector_16
                0x00001bf0                __vector_18
                0x00001bf0                __vector_20
                0x00001bf4                . = ALIGN (0x2)
 *(.text.*)
 .text.LcdFont  0x00001bf4       0x1e font.o
                0x00001bf4                LcdFont
 .text.DrawChar
                0x00001c12      0x3ac font.o
                0x00001c12                DrawChar
 .text.CalcTextWidth
                0x00001fbe       0xb2 font.o
                0x00001fbe                CalcTextWidth
 .text.DrawStr  0x00002070       0x3a font.o
                0x00002070                DrawStr
 .text.DrawText
                0x000020aa       0x92 font.o
                0x000020aa                DrawText
 .text.Line     0x0000213c      0x276 Graphic.o
                0x0000213c                Line
 .text.Circle   0x000023b2      0x1fa Graphic.o
                0x000023b2                Circle
 .text.RoundRectangle
                0x000025ac      0x386 Graphic.o
                0x000025ac                RoundRectangle
 .text.serialAvailable
                0x00002932        0x4 serial.o
                0x00002932                serialAvailable
 .text.serialInit
                0x00002936       0xc2 serial.o
                0x00002936                serialInit
 .text.serialHasChar
                0x000029f8       0x24 serial.o
                0x000029f8                serialHasChar
 .text.serialGet
                0x00002a1c       0xe4 serial.o
                0x00002a1c                serialGet
 .text.serialReceiveInterrupt
                0x00002b00      0x136 serial.o
                0x00002b00                serialReceiveInterrupt
 .text.serialTransmitInterrupt
                0x00002c36      0x128 serial.o
                0x00002c36                serialTransmitInterrupt
 .text.__vector_13
                0x00002d5e       0x4a serial.o
                0x00002d5e                __vector_13
 .text.__vector_14
                0x00002da8       0x4a serial.o
                0x00002da8                __vector_14
 .text.SPIMasterEnable
                0x00002df2       0x18 spi.o
                0x00002df2                SPIMasterEnable
 .text.SPIMasterDisable
                0x00002e0a        0x4 spi.o
                0x00002e0a                SPIMasterDisable
 .text.SPIMasterTransfer
                0x00002e0e       0x80 spi.o
                0x00002e0e                SPIMasterTransfer
 .text.LCD_WaitMs
                0x00002e8e       0x1e SSD1289x16.o
                0x00002e8e                LCD_WaitMs
 .text.LCD_WrCmd
                0x00002eac       0x10 SSD1289x16.o
                0x00002eac                LCD_WrCmd
 .text.LCD_WrDat
                0x00002ebc       0x10 SSD1289x16.o
                0x00002ebc                LCD_WrDat
 .text.LCD_SetReg
                0x00002ecc       0x16 SSD1289x16.o
                0x00002ecc                LCD_SetReg
 .text.LCD_GetReg
                0x00002ee2       0x2c SSD1289x16.o
                0x00002ee2                LCD_GetReg
 .text.LCD_InitPort
                0x00002f0e       0x32 SSD1289x16.o
                0x00002f0e                LCD_InitPort
 .text.LCD_Reset
                0x00002f40      0x222 SSD1289x16.o
                0x00002f40                LCD_Reset
 .text.LCD_SetCursor
                0x00003162       0x22 SSD1289x16.o
                0x00003162                LCD_SetCursor
 .text.LCD_SetArea
                0x00003184       0x5a SSD1289x16.o
                0x00003184                LCD_SetArea
 .text.LCD_PutPixel
                0x000031de       0x12 SSD1289x16.o
                0x000031de                LCD_PutPixel
 .text.LCD_Bar  0x000031f0       0x8c SSD1289x16.o
                0x000031f0                LCD_Bar
 .text.LCD_Clear
                0x0000327c       0x20 SSD1289x16.o
                0x0000327c                LCD_Clear
 .text.TCGetX   0x0000329c        0xa tc_ad7843_avr_v1_00.o
                0x0000329c                TCGetX
 .text.TCGetY   0x000032a6        0xa tc_ad7843_avr_v1_00.o
                0x000032a6                TCGetY
 .text.TCIsPenOn
                0x000032b0        0xe tc_ad7843_avr_v1_00.o
                0x000032b0                TCIsPenOn
 .text.TCRead   0x000032be       0xe6 tc_ad7843_avr_v1_00.o
                0x000032be                TCRead
 .text.TCInit   0x000033a4        0x8 tc_ad7843_avr_v1_00.o
                0x000033a4                TCInit
 .text.cal_posx
                0x000033ac       0x6a urs_projekt.o
                0x000033ac                cal_posx
 .text.cal_posy
                0x00003416       0x6a urs_projekt.o
                0x00003416                cal_posy
 .text.Needle   0x00003480      0xb46 urs_projekt.o
                0x00003480                Needle
 .text.DrawDegrees
                0x00003fc6       0x7a urs_projekt.o
                0x00003fc6                DrawDegrees
 .text.readGPRMC
                0x00004040      0x6c4 urs_projekt.o
                0x00004040                readGPRMC
 .text.parseHex
                0x00004704       0x20 urs_projekt.o
                0x00004704                parseHex
 .text.readGPS  0x00004724      0x762 urs_projekt.o
                0x00004724                readGPS
 .text.showAltitude
                0x00004e86      0x3e2 urs_projekt.o
                0x00004e86                showAltitude
 .text.ScanPen  0x00005268      0x712 urs_projekt.o
                0x00005268                ScanPen
 .text.showLiveCompass
                0x0000597a      0x4c2 urs_projekt.o
                0x0000597a                showLiveCompass
 .text.showMenu
                0x00005e3c      0x27c urs_projekt.o
                0x00005e3c                showMenu
 .text.main     0x000060b8       0xc0 urs_projekt.o
                0x000060b8                main
 .text.showLiveGPS
                0x00006178      0x3c2 urs_projekt.o
                0x00006178                showLiveGPS
 .text.avr-libc.fplib
                0x0000653a        0xa c:/program files/atmel/atmel toolchain/avr8 gcc/native/3.4.1061/avr8-gnu-toolchain/bin/../lib/gcc/avr/4.8.1/../../../../avr/lib/avr5\libm.a(addsf3.o)
                0x0000653a                __subsf3
                0x0000653c                __addsf3
 .text.avr-libc.fplib
                0x00006544       0xc0 c:/program files/atmel/atmel toolchain/avr8 gcc/native/3.4.1061/avr8-gnu-toolchain/bin/../lib/gcc/avr/4.8.1/../../../../avr/lib/avr5\libm.a(addsf3x.o)
                0x0000655e                __addsf3x
 .text.avr-libc.fplib
                0x00006604        0x8 c:/program files/atmel/atmel toolchain/avr8 gcc/native/3.4.1061/avr8-gnu-toolchain/bin/../lib/gcc/avr/4.8.1/../../../../avr/lib/avr5\libm.a(cmpsf2.o)
                0x00006604                __nesf2
                0x00006604                __eqsf2
                0x00006604                __cmpsf2
                0x00006604                __ltsf2
                0x00006604                __lesf2
 .text.avr-libc.fplib
                0x0000660c        0x6 c:/program files/atmel/atmel toolchain/avr8 gcc/native/3.4.1061/avr8-gnu-toolchain/bin/../lib/gcc/avr/4.8.1/../../../../avr/lib/avr5\libm.a(cos.o)
                0x0000660c                cos
 .text.avr-libc.fplib
                0x00006612        0x4 c:/program files/atmel/atmel toolchain/avr8 gcc/native/3.4.1061/avr8-gnu-toolchain/bin/../lib/gcc/avr/4.8.1/../../../../avr/lib/avr5\libm.a(divsf3.o)
                0x00006612                __divsf3
 .text.avr-libc.fplib
                0x00006616       0xcc c:/program files/atmel/atmel toolchain/avr8 gcc/native/3.4.1061/avr8-gnu-toolchain/bin/../lib/gcc/avr/4.8.1/../../../../avr/lib/avr5\libm.a(divsf3x.o)
                0x0000662c                __divsf3x
                0x00006630                __divsf3_pse
 .text.avr-libc.fplib
                0x000066e2        0xa c:/program files/atmel/atmel toolchain/avr8 gcc/native/3.4.1061/avr8-gnu-toolchain/bin/../lib/gcc/avr/4.8.1/../../../../avr/lib/avr5\libm.a(fixsfsi.o)
                0x000066e2                __fixsfsi
 .text.avr-libc.fplib
                0x000066ec       0x58 c:/program files/atmel/atmel toolchain/avr8 gcc/native/3.4.1061/avr8-gnu-toolchain/bin/../lib/gcc/avr/4.8.1/../../../../avr/lib/avr5\libm.a(fixunssfsi.o)
                0x000066ec                __fixunssfsi
 .text.avr-libc.fplib
                0x00006744       0x7a c:/program files/atmel/atmel toolchain/avr8 gcc/native/3.4.1061/avr8-gnu-toolchain/bin/../lib/gcc/avr/4.8.1/../../../../avr/lib/avr5\libm.a(floatsisf.o)
                0x00006744                __floatunsisf
                0x00006748                __floatsisf
 .text.avr-libc.fplib
                0x000067be       0x48 c:/program files/atmel/atmel toolchain/avr8 gcc/native/3.4.1061/avr8-gnu-toolchain/bin/../lib/gcc/avr/4.8.1/../../../../avr/lib/avr5\libm.a(fp_cmp.o)
                0x000067be                __fp_cmp
 .text.avr-libc.fplib
                0x00006806        0xc c:/program files/atmel/atmel toolchain/avr8 gcc/native/3.4.1061/avr8-gnu-toolchain/bin/../lib/gcc/avr/4.8.1/../../../../avr/lib/avr5\libm.a(fp_inf.o)
                0x00006806                __fp_inf
 .text.avr-libc.fplib
                0x00006812        0x6 c:/program files/atmel/atmel toolchain/avr8 gcc/native/3.4.1061/avr8-gnu-toolchain/bin/../lib/gcc/avr/4.8.1/../../../../avr/lib/avr5\libm.a(fp_nan.o)
                0x00006812                __fp_nan
 .text.avr-libc.fplib
                0x00006818       0x4a c:/program files/atmel/atmel toolchain/avr8 gcc/native/3.4.1061/avr8-gnu-toolchain/bin/../lib/gcc/avr/4.8.1/../../../../avr/lib/avr5\libm.a(fp_powser.o)
                0x00006818                __fp_powser
 .text.avr-libc.fplib
                0x00006862        0xe c:/program files/atmel/atmel toolchain/avr8 gcc/native/3.4.1061/avr8-gnu-toolchain/bin/../lib/gcc/avr/4.8.1/../../../../avr/lib/avr5\libm.a(fp_pscA.o)
                0x00006862                __fp_pscA
 .text.avr-libc.fplib
                0x00006870        0xe c:/program files/atmel/atmel toolchain/avr8 gcc/native/3.4.1061/avr8-gnu-toolchain/bin/../lib/gcc/avr/4.8.1/../../../../avr/lib/avr5\libm.a(fp_pscB.o)
                0x00006870                __fp_pscB
 .text.avr-libc.fplib
                0x0000687e       0x50 c:/program files/atmel/atmel toolchain/avr8 gcc/native/3.4.1061/avr8-gnu-toolchain/bin/../lib/gcc/avr/4.8.1/../../../../avr/lib/avr5\libm.a(fp_rempio2.o)
                0x00006880                __fp_rempio2
 .text.avr-libc.fplib
                0x000068ce       0x22 c:/program files/atmel/atmel toolchain/avr8 gcc/native/3.4.1061/avr8-gnu-toolchain/bin/../lib/gcc/avr/4.8.1/../../../../avr/lib/avr5\libm.a(fp_round.o)
                0x000068ce                __fp_round
 .text.avr-libc.fplib
                0x000068f0       0x22 c:/program files/atmel/atmel toolchain/avr8 gcc/native/3.4.1061/avr8-gnu-toolchain/bin/../lib/gcc/avr/4.8.1/../../../../avr/lib/avr5\libm.a(fp_sinus.o)
                0x000068f0                __fp_sinus
 .text.avr-libc.fplib
                0x00006912       0x44 c:/program files/atmel/atmel toolchain/avr8 gcc/native/3.4.1061/avr8-gnu-toolchain/bin/../lib/gcc/avr/4.8.1/../../../../avr/lib/avr5\libm.a(fp_split3.o)
                0x00006912                __fp_split3
                0x00006922                __fp_splitA
 .text.avr-libc.fplib
                0x00006956        0xe c:/program files/atmel/atmel toolchain/avr8 gcc/native/3.4.1061/avr8-gnu-toolchain/bin/../lib/gcc/avr/4.8.1/../../../../avr/lib/avr5\libm.a(fp_zero.o)
                0x00006956                __fp_zero
                0x00006958                __fp_szero
 .text.avr-libc.fplib
                0x00006964        0x8 c:/program files/atmel/atmel toolchain/avr8 gcc/native/3.4.1061/avr8-gnu-toolchain/bin/../lib/gcc/avr/4.8.1/../../../../avr/lib/avr5\libm.a(gesf2.o)
                0x00006964                __gesf2
                0x00006964                __gtsf2
 .text.avr-libc.fplib
                0x0000696c        0x4 c:/program files/atmel/atmel toolchain/avr8 gcc/native/3.4.1061/avr8-gnu-toolchain/bin/../lib/gcc/avr/4.8.1/../../../../avr/lib/avr5\libm.a(mulsf3.o)
                0x0000696c                __mulsf3
 .text.avr-libc.fplib
                0x00006970       0xc2 c:/program files/atmel/atmel toolchain/avr8 gcc/native/3.4.1061/avr8-gnu-toolchain/bin/../lib/gcc/avr/4.8.1/../../../../avr/lib/avr5\libm.a(mulsf3x.o)
                0x00006984                __mulsf3x
                0x00006988                __mulsf3_pse
 .text.avr-libc.fplib
                0x00006a32        0xc c:/program files/atmel/atmel toolchain/avr8 gcc/native/3.4.1061/avr8-gnu-toolchain/bin/../lib/gcc/avr/4.8.1/../../../../avr/lib/avr5\libm.a(sin.o)
                0x00006a32                sin
 .text.avr-libc.fplib
                0x00006a3e       0x1c c:/program files/atmel/atmel toolchain/avr8 gcc/native/3.4.1061/avr8-gnu-toolchain/bin/../lib/gcc/avr/4.8.1/../../../../avr/lib/avr5\libm.a(fp_mpack.o)
                0x00006a3e                __fp_mpack
                0x00006a42                __fp_mpack_finite
 .text.avr-libc.fplib
                0x00006a5a       0x22 c:/program files/atmel/atmel toolchain/avr8 gcc/native/3.4.1061/avr8-gnu-toolchain/bin/../lib/gcc/avr/4.8.1/../../../../avr/lib/avr5\libm.a(fp_powsodd.o)
                0x00006a5a                __fp_powsodd
 .text.libgcc.mul
                0x00006a7c       0x20 c:/program files/atmel/atmel toolchain/avr8 gcc/native/3.4.1061/avr8-gnu-toolchain/bin/../lib/gcc/avr/4.8.1/avr5\libgcc.a(_mulsi3.o)
                0x00006a7c                __mulsi3
 .text.libgcc.div
                0x00006a9c       0x2e c:/program files/atmel/atmel toolchain/avr8 gcc/native/3.4.1061/avr8-gnu-toolchain/bin/../lib/gcc/avr/4.8.1/avr5\libgcc.a(_divmodsi4.o)
                0x00006a9c                __divmodsi4
 .text.libgcc.div
                0x00006aca       0x10 c:/program files/atmel/atmel toolchain/avr8 gcc/native/3.4.1061/avr8-gnu-toolchain/bin/../lib/gcc/avr/4.8.1/avr5\libgcc.a(_negsi2.o)
                0x00006aca                __negsi2
 .text.libgcc.mul
                0x00006ada       0x16 c:/program files/atmel/atmel toolchain/avr8 gcc/native/3.4.1061/avr8-gnu-toolchain/bin/../lib/gcc/avr/4.8.1/avr5\libgcc.a(_muluhisi3.o)
                0x00006ada                __muluhisi3
 .text.libgcc.div
                0x00006af0       0x44 c:/program files/atmel/atmel toolchain/avr8 gcc/native/3.4.1061/avr8-gnu-toolchain/bin/../lib/gcc/avr/4.8.1/avr5\libgcc.a(_udivmodsi4.o)
                0x00006af0                __udivmodsi4
 .text.libgcc.mul
                0x00006b34       0x1e c:/program files/atmel/atmel toolchain/avr8 gcc/native/3.4.1061/avr8-gnu-toolchain/bin/../lib/gcc/avr/4.8.1/avr5\libgcc.a(_umulhisi3.o)
                0x00006b34                __umulhisi3
 .text.avr-libc
                0x00006b52        0x8 c:/program files/atmel/atmel toolchain/avr8 gcc/native/3.4.1061/avr8-gnu-toolchain/bin/../lib/gcc/avr/4.8.1/../../../../avr/lib/avr5\libc.a(atof.o)
                0x00006b52                atof
 .text.avr-libc
                0x00006b5a       0x3c c:/program files/atmel/atmel toolchain/avr8 gcc/native/3.4.1061/avr8-gnu-toolchain/bin/../lib/gcc/avr/4.8.1/../../../../avr/lib/avr5\libc.a(atoi.o)
                0x00006b5a                atoi
 .text.avr-libc
                0x00006b96       0x4e c:/program files/atmel/atmel toolchain/avr8 gcc/native/3.4.1061/avr8-gnu-toolchain/bin/../lib/gcc/avr/4.8.1/../../../../avr/lib/avr5\libc.a(atol.o)
                0x00006b96                atol
 .text.avr-libc
                0x00006be4       0x16 c:/program files/atmel/atmel toolchain/avr8 gcc/native/3.4.1061/avr8-gnu-toolchain/bin/../lib/gcc/avr/4.8.1/../../../../avr/lib/avr5\libc.a(strchr.o)
                0x00006be4                strchr
 .text.avr-libc
                0x00006bfa       0x1e c:/program files/atmel/atmel toolchain/avr8 gcc/native/3.4.1061/avr8-gnu-toolchain/bin/../lib/gcc/avr/4.8.1/../../../../avr/lib/avr5\libc.a(strncpy.o)
                0x00006bfa                strncpy
 .text.avr-libc
                0x00006c18       0x34 c:/program files/atmel/atmel toolchain/avr8 gcc/native/3.4.1061/avr8-gnu-toolchain/bin/../lib/gcc/avr/4.8.1/../../../../avr/lib/avr5\libc.a(strstr.o)
                0x00006c18                strstr
 .text.avr-libc
                0x00006c4c       0x2a c:/program files/atmel/atmel toolchain/avr8 gcc/native/3.4.1061/avr8-gnu-toolchain/bin/../lib/gcc/avr/4.8.1/../../../../avr/lib/avr5\libc.a(mulsi10.o)
                0x00006c4c                __mulsi_const_10
 .text.avr-libc
                0x00006c76       0x10 c:/program files/atmel/atmel toolchain/avr8 gcc/native/3.4.1061/avr8-gnu-toolchain/bin/../lib/gcc/avr/4.8.1/../../../../avr/lib/avr5\libc.a(mul10.o)
                0x00006c76                __mulhi_const_10
 .text.avr-libc
                0x00006c86       0x44 c:/program files/atmel/atmel toolchain/avr8 gcc/native/3.4.1061/avr8-gnu-toolchain/bin/../lib/gcc/avr/4.8.1/../../../../avr/lib/avr5\libc.a(sprintf.o)
                0x00006c86                sprintf
 .text.avr-libc
                0x00006cca      0x3a4 c:/program files/atmel/atmel toolchain/avr8 gcc/native/3.4.1061/avr8-gnu-toolchain/bin/../lib/gcc/avr/4.8.1/../../../../avr/lib/avr5\libc.a(vfprintf_std.o)
                0x00006cca                vfprintf
 .text.avr-libc
                0x0000706e      0x2c6 c:/program files/atmel/atmel toolchain/avr8 gcc/native/3.4.1061/avr8-gnu-toolchain/bin/../lib/gcc/avr/4.8.1/../../../../avr/lib/avr5\libc.a(strtod.o)
                0x0000706e                strtod
 .text.avr-libc
                0x00007334       0x10 c:/program files/atmel/atmel toolchain/avr8 gcc/native/3.4.1061/avr8-gnu-toolchain/bin/../lib/gcc/avr/4.8.1/../../../../avr/lib/avr5\libc.a(isspace.o)
                0x00007334                isspace
 .text.avr-libc
                0x00007344       0x30 c:/program files/atmel/atmel toolchain/avr8 gcc/native/3.4.1061/avr8-gnu-toolchain/bin/../lib/gcc/avr/4.8.1/../../../../avr/lib/avr5\libc.a(strncasecmp_P.o)
                0x00007344                strncasecmp_P
 .text.avr-libc
                0x00007374       0x16 c:/program files/atmel/atmel toolchain/avr8 gcc/native/3.4.1061/avr8-gnu-toolchain/bin/../lib/gcc/avr/4.8.1/../../../../avr/lib/avr5\libc.a(strnlen_P.o)
                0x00007374                strnlen_P
 .text.avr-libc
                0x0000738a       0x16 c:/program files/atmel/atmel toolchain/avr8 gcc/native/3.4.1061/avr8-gnu-toolchain/bin/../lib/gcc/avr/4.8.1/../../../../avr/lib/avr5\libc.a(strnlen.o)
                0x0000738a                strnlen
 .text.avr-libc
                0x000073a0       0x64 c:/program files/atmel/atmel toolchain/avr8 gcc/native/3.4.1061/avr8-gnu-toolchain/bin/../lib/gcc/avr/4.8.1/../../../../avr/lib/avr5\libc.a(fputc.o)
                0x000073a0                fputc
 .text.avr-libc
                0x00007404       0xbc c:/program files/atmel/atmel toolchain/avr8 gcc/native/3.4.1061/avr8-gnu-toolchain/bin/../lib/gcc/avr/4.8.1/../../../../avr/lib/avr5\libc.a(ultoa_invert.o)
                0x00007404                __ultoa_invert
 .text.avr-libc
                0x000074c0        0x6 c:/program files/atmel/atmel toolchain/avr8 gcc/native/3.4.1061/avr8-gnu-toolchain/bin/../lib/gcc/avr/4.8.1/../../../../avr/lib/avr5\libc.a(cty_isfalse.o)
                0x000074c0                __ctype_isfalse
                0x000074c4                __ctype_istrue
 .text.libgcc.prologue
                0x000074c6       0x38 c:/program files/atmel/atmel toolchain/avr8 gcc/native/3.4.1061/avr8-gnu-toolchain/bin/../lib/gcc/avr/4.8.1/avr5\libgcc.a(_prologue.o)
                0x000074c6                __prologue_saves__
 .text.libgcc.prologue
                0x000074fe       0x36 c:/program files/atmel/atmel toolchain/avr8 gcc/native/3.4.1061/avr8-gnu-toolchain/bin/../lib/gcc/avr/4.8.1/avr5\libgcc.a(_epilogue.o)
                0x000074fe                __epilogue_restores__
                0x00007534                . = ALIGN (0x2)
 *(.fini9)
 .fini9         0x00007534        0x0 c:/program files/atmel/atmel toolchain/avr8 gcc/native/3.4.1061/avr8-gnu-toolchain/bin/../lib/gcc/avr/4.8.1/avr5\libgcc.a(_exit.o)
                0x00007534                _exit
                0x00007534                exit
 *(.fini9)
 *(.fini8)
 *(.fini8)
 *(.fini7)
 *(.fini7)
 *(.fini6)
 *(.fini6)
 *(.fini5)
 *(.fini5)
 *(.fini4)
 *(.fini4)
 *(.fini3)
 *(.fini3)
 *(.fini2)
 *(.fini2)
 *(.fini1)
 *(.fini1)
 *(.fini0)
 .fini0         0x00007534        0x4 c:/program files/atmel/atmel toolchain/avr8 gcc/native/3.4.1061/avr8-gnu-toolchain/bin/../lib/gcc/avr/4.8.1/avr5\libgcc.a(_exit.o)
 *(.fini0)
                0x00007538                _etext = .

.data           0x00800060      0x134 load address 0x00007538
                0x00800060                PROVIDE (__data_start, .)
 *(.data)
 *(.data*)
 .data.FontSpace
                0x00800060        0x1 font.o
                0x00800060                FontSpace
 .data.FontYScale
                0x00800061        0x1 font.o
                0x00800061                FontYScale
 .data.FontXScale
                0x00800062        0x1 font.o
                0x00800062                FontXScale
 .data.FgColor  0x00800063        0x2 font.o
                0x00800063                FgColor
 .data.serialBits
                0x00800065        0x7 serial.o
                0x00800065                serialBits
 .data.serialRegisters
                0x0080006c        0xc serial.o
                0x0080006c                serialRegisters
 .data._color   0x00800078        0x2 SSD1289x16.o
                0x00800078                _color
 .data.y_t      0x0080007a       0x10 urs_projekt.o
                0x0080007a                y_t
 .data.x_t      0x0080008a       0x10 urs_projekt.o
                0x0080008a                x_t
 .data.cm2y     0x0080009a        0x4 urs_projekt.o
                0x0080009a                cm2y
 .data.cm1y     0x0080009e        0x4 urs_projekt.o
                0x0080009e                cm1y
 .data.ccy      0x008000a2        0x4 urs_projekt.o
                0x008000a2                ccy
 .data.cm2x     0x008000a6        0x4 urs_projekt.o
                0x008000a6                cm2x
 .data.cm1x     0x008000aa        0x4 urs_projekt.o
                0x008000aa                cm1x
 .data.ccx      0x008000ae        0x4 urs_projekt.o
                0x008000ae                ccx
 *(.rodata)
 *(.rodata*)
 .rodata.str1.1
                0x008000b2       0xe2 urs_projekt.o
                                 0xe9 (size before relaxing)
 *(.gnu.linkonce.d*)
                0x00800194                . = ALIGN (0x2)
                0x00800194                _edata = .
                0x00800194                PROVIDE (__data_end, .)

.bss            0x00800194       0xe0
                0x00800194                PROVIDE (__bss_start, .)
 *(.bss)
 *(.bss*)
 .bss.cursorY   0x00800194        0x2 font.o
                0x00800194                cursorY
 .bss.cursorX   0x00800196        0x2 font.o
                0x00800196                cursorX
 .bss.NonTransparence
                0x00800198        0x1 font.o
                0x00800198                NonTransparence
 .bss.FontFixed
                0x00800199        0x1 font.o
                0x00800199                FontFixed
 .bss.BkColor   0x0080019a        0x2 font.o
                0x0080019a                BkColor
 .bss.rot       0x0080019c        0x1 font.o
                0x0080019c                rot
 .bss.spi_status
                0x0080019d        0x1 spi.o
                0x0080019d                spi_status
 .bss.cardinal_dir
                0x0080019e       0x10 urs_projekt.o
                0x0080019e                cardinal_dir
 .bss.last_pen_check
                0x008001ae        0x1 urs_projekt.o
                0x008001ae                last_pen_check
 *(COMMON)
 COMMON         0x008001af        0x4 font.o
                0x008001af                FontWidth
                0x008001b0                FontHeight
                0x008001b1                FontPointer
 COMMON         0x008001b3       0x3c serial.o
                0x008001b3                rxWrite
                0x008001b5                flow
                0x008001b6                txRead
                0x008001b8                txWrite
                0x008001ba                sendThisNext
                0x008001bb                shouldStartTransmission
                0x008001bc                rxRead
                0x008001be                rxBuffer
                0x008001de                txBuffer
                0x008001ee                rxBufferElements
 COMMON         0x008001ef        0x6 spi.o
                0x008001ef                spi_wi
                0x008001f1                spi_cnt
                0x008001f3                spi_ri
 COMMON         0x008001f5        0xc tc_ad7843_avr_v1_00.o
                0x008001f5                spi_buf
                0x008001fd                tc_x
                0x008001ff                tc_y
 COMMON         0x00800201       0x71 urs_projekt.o
                0x00800201                latitudeInput
                0x0080020c                longitudeInput
                0x00800217                currentScreen
                0x00800219                p_stat
                0x0080021a                vpos
                0x0080021c                currentReading
                0x00800256                hpos
                0x00800258                previousReading
 COMMON         0x00800272        0x2 c:/program files/atmel/atmel toolchain/avr8 gcc/native/3.4.1061/avr8-gnu-toolchain/bin/../lib/gcc/avr/4.8.1/../../../../avr/lib/avr5\libc.a(errno.o)
                0x00800272                errno
                0x00800274                PROVIDE (__bss_end, .)
                0x00007538                __data_load_start = LOADADDR (.data)
                0x0000766c                __data_load_end = (__data_load_start + SIZEOF (.data))

.noinit         0x00800274        0x0
                0x00800274                PROVIDE (__noinit_start, .)
 *(.noinit*)
                0x00800274                PROVIDE (__noinit_end, .)
                0x00800274                _end = .
                0x00800274                PROVIDE (__heap_start, .)

.eeprom         0x00810000        0x0
 *(.eeprom*)
                0x00810000                __eeprom_end = .

.fuse
 *(.fuse)
 *(.lfuse)
 *(.hfuse)
 *(.efuse)

.lock
 *(.lock*)

.signature
 *(.signature*)

.user_signatures
 *(.user_signatures*)

.stab
 *(.stab)

.stabstr
 *(.stabstr)

.stab.excl
 *(.stab.excl)

.stab.exclstr
 *(.stab.exclstr)

.stab.index
 *(.stab.index)

.stab.indexstr
 *(.stab.indexstr)

.comment        0x00000000       0x5c
 *(.comment)
 .comment       0x00000000       0x30 font.o
                                 0x31 (size before relaxing)
 .comment       0x00000000       0x31 Graphic.o
 .comment       0x00000000       0x31 serial.o
 .comment       0x00000000       0x31 spi.o
 .comment       0x00000000       0x31 SSD1289x16.o
 .comment       0x00000000       0x31 tc_ad7843_avr_v1_00.o
 .comment       0x00000000       0x31 urs_projekt.o
 .comment       0x00000000       0x31 c:/program files/atmel/atmel toolchain/avr8 gcc/native/3.4.1061/avr8-gnu-toolchain/bin/../lib/gcc/avr/4.8.1/../../../../avr/lib/avr5\libc.a(sprintf.o)
 .comment       0x00000030       0x2c c:/program files/atmel/atmel toolchain/avr8 gcc/native/3.4.1061/avr8-gnu-toolchain/bin/../lib/gcc/avr/4.8.1/../../../../avr/lib/avr5\libc.a(vfprintf_std.o)
                                 0x2d (size before relaxing)
 .comment       0x00000000       0x31 c:/program files/atmel/atmel toolchain/avr8 gcc/native/3.4.1061/avr8-gnu-toolchain/bin/../lib/gcc/avr/4.8.1/../../../../avr/lib/avr5\libc.a(strtod.o)
 .comment       0x00000000       0x31 c:/program files/atmel/atmel toolchain/avr8 gcc/native/3.4.1061/avr8-gnu-toolchain/bin/../lib/gcc/avr/4.8.1/../../../../avr/lib/avr5\libc.a(fputc.o)
 .comment       0x00000000       0x2d c:/program files/atmel/atmel toolchain/avr8 gcc/native/3.4.1061/avr8-gnu-toolchain/bin/../lib/gcc/avr/4.8.1/../../../../avr/lib/avr5\libc.a(errno.o)

.note.gnu.build-id
 *(.note.gnu.build-id)

.debug
 *(.debug)

.line
 *(.line)

.debug_srcinfo
 *(.debug_srcinfo)

.debug_sfnames
 *(.debug_sfnames)

.debug_aranges  0x00000000      0x2d0
 *(.debug_aranges)
 .debug_aranges
                0x00000000       0x48 font.o
 .debug_aranges
                0x00000048       0x38 Graphic.o
 .debug_aranges
                0x00000080       0xa0 serial.o
 .debug_aranges
                0x00000120       0x38 spi.o
 .debug_aranges
                0x00000158       0x88 SSD1289x16.o
 .debug_aranges
                0x000001e0       0x40 tc_ad7843_avr_v1_00.o
 .debug_aranges
                0x00000220       0xb0 urs_projekt.o

.debug_pubnames
 *(.debug_pubnames)

.debug_info     0x00000000     0x6761
 *(.debug_info .gnu.linkonce.wi.*)
 .debug_info    0x00000000      0x833 font.o
 .debug_info    0x00000833      0xbb3 Graphic.o
 .debug_info    0x000013e6      0x5ce serial.o
 .debug_info    0x000019b4      0x1c1 spi.o
 .debug_info    0x00001b75      0xfaf SSD1289x16.o
 .debug_info    0x00002b24      0x1fe tc_ad7843_avr_v1_00.o
 .debug_info    0x00002d22     0x3a3f urs_projekt.o

.debug_abbrev   0x00000000      0xc23
 *(.debug_abbrev)
 .debug_abbrev  0x00000000      0x1ec font.o
 .debug_abbrev  0x000001ec       0xe2 Graphic.o
 .debug_abbrev  0x000002ce      0x191 serial.o
 .debug_abbrev  0x0000045f      0x112 spi.o
 .debug_abbrev  0x00000571      0x19f SSD1289x16.o
 .debug_abbrev  0x00000710      0x109 tc_ad7843_avr_v1_00.o
 .debug_abbrev  0x00000819      0x40a urs_projekt.o

.debug_line     0x00000000     0x119e
 *(.debug_line .debug_line.* .debug_line_end)
 .debug_line    0x00000000      0x1d3 font.o
 .debug_line    0x000001d3      0x10c Graphic.o
 .debug_line    0x000002df      0x293 serial.o
 .debug_line    0x00000572       0xec spi.o
 .debug_line    0x0000065e      0x23a SSD1289x16.o
 .debug_line    0x00000898      0x10d tc_ad7843_avr_v1_00.o
 .debug_line    0x000009a5      0x7f9 urs_projekt.o

.debug_frame    0x00000000      0xc9c
 *(.debug_frame)
 .debug_frame   0x00000000      0x180 font.o
 .debug_frame   0x00000180      0x1a8 Graphic.o
 .debug_frame   0x00000328      0x1e8 serial.o
 .debug_frame   0x00000510       0x5c spi.o
 .debug_frame   0x0000056c      0x1e8 SSD1289x16.o
 .debug_frame   0x00000754       0x94 tc_ad7843_avr_v1_00.o
 .debug_frame   0x000007e8      0x4b4 urs_projekt.o

.debug_str      0x00000000      0xaa7
 *(.debug_str)
 .debug_str     0x00000000      0x2b9 font.o
                                0x30b (size before relaxing)
 .debug_str     0x000002b9       0x43 Graphic.o
                                0x1ad (size before relaxing)
 .debug_str     0x000002fc      0x1f1 serial.o
                                0x30a (size before relaxing)
 .debug_str     0x000004ed       0xbc spi.o
                                0x1fb (size before relaxing)
 .debug_str     0x000005a9       0xd3 SSD1289x16.o
                                0x261 (size before relaxing)
 .debug_str     0x0000067c       0x66 tc_ad7843_avr_v1_00.o
                                0x1e1 (size before relaxing)
 .debug_str     0x000006e2      0x3c5 urs_projekt.o
                                0x602 (size before relaxing)

.debug_loc      0x00000000     0x4cd0
 *(.debug_loc)
 .debug_loc     0x00000000      0xe0e font.o
 .debug_loc     0x00000e0e      0xce3 Graphic.o
 .debug_loc     0x00001af1      0x5d6 serial.o
 .debug_loc     0x000020c7      0x119 spi.o
 .debug_loc     0x000021e0      0xc60 SSD1289x16.o
 .debug_loc     0x00002e40       0x8a tc_ad7843_avr_v1_00.o
 .debug_loc     0x00002eca     0x1e06 urs_projekt.o

.debug_macinfo
 *(.debug_macinfo)

.debug_weaknames
 *(.debug_weaknames)

.debug_funcnames
 *(.debug_funcnames)

.debug_typenames
 *(.debug_typenames)

.debug_varnames
 *(.debug_varnames)

.debug_pubtypes
 *(.debug_pubtypes)

.debug_ranges   0x00000000      0x390
 *(.debug_ranges)
 .debug_ranges  0x00000000      0x100 font.o
 .debug_ranges  0x00000100       0x28 Graphic.o
 .debug_ranges  0x00000128       0x90 serial.o
 .debug_ranges  0x000001b8       0x28 spi.o
 .debug_ranges  0x000001e0       0x78 SSD1289x16.o
 .debug_ranges  0x00000258       0x30 tc_ad7843_avr_v1_00.o
 .debug_ranges  0x00000288      0x108 urs_projekt.o

.debug_macro
 *(.debug_macro)
OUTPUT(urs_projekt.elf elf32-avr)
LOAD linker stubs
